Component: ARM Compiler 5.06 update 6 (build 750) Tool: armlink [4d35ed]

==============================================================================

Section Cross References

    startup_stm32f103xe.o(RESET) refers to startup_stm32f103xe.o(STACK) for __initial_sp
    startup_stm32f103xe.o(RESET) refers to startup_stm32f103xe.o(.text) for Reset_Handler
    startup_stm32f103xe.o(RESET) refers to stm32f1xx_it.o(i.NMI_Handler) for NMI_Handler
    startup_stm32f103xe.o(RESET) refers to stm32f1xx_it.o(i.HardFault_Handler) for HardFault_Handler
    startup_stm32f103xe.o(RESET) refers to stm32f1xx_it.o(i.MemManage_Handler) for MemManage_Handler
    startup_stm32f103xe.o(RESET) refers to stm32f1xx_it.o(i.BusFault_Handler) for BusFault_Handler
    startup_stm32f103xe.o(RESET) refers to stm32f1xx_it.o(i.UsageFault_Handler) for UsageFault_Handler
    startup_stm32f103xe.o(RESET) refers to port.o(.emb_text) for SVC_Handler
    startup_stm32f103xe.o(RESET) refers to stm32f1xx_it.o(i.DebugMon_Handler) for DebugMon_Handler
    startup_stm32f103xe.o(RESET) refers to port.o(i.SysTick_Handler) for SysTick_Handler
    startup_stm32f103xe.o(RESET) refers to stm32f1xx_it.o(i.USART1_IRQHandler) for USART1_IRQHandler
    startup_stm32f103xe.o(RESET) refers to stm32f1xx_it.o(i.USART2_IRQHandler) for USART2_IRQHandler
    startup_stm32f103xe.o(RESET) refers to stm32f1xx_it.o(i.TIM6_IRQHandler) for TIM6_IRQHandler
    startup_stm32f103xe.o(RESET) refers to stm32f1xx_it.o(i.TIM7_IRQHandler) for TIM7_IRQHandler
    startup_stm32f103xe.o(.text) refers to system_stm32f1xx.o(i.SystemInit) for SystemInit
    startup_stm32f103xe.o(.text) refers to entry.o(.ARM.Collect$$$$00000000) for __main
    main.o(i.HAL_TIM_PeriodElapsedCallback) refers to stm32f1xx_hal_tim.o(i.HAL_TIM_Base_Stop_IT) for HAL_TIM_Base_Stop_IT
    main.o(i.HAL_TIM_PeriodElapsedCallback) refers to stm32f1xx_hal.o(i.HAL_IncTick) for HAL_IncTick
    main.o(i.HAL_TIM_PeriodElapsedCallback) refers to kqm.o(.bss) for kqm
    main.o(i.HAL_TIM_PeriodElapsedCallback) refers to tim.o(.bss) for htim6
    main.o(i.SystemClock_Config) refers to memseta.o(.text) for __aeabi_memclr4
    main.o(i.SystemClock_Config) refers to stm32f1xx_hal_rcc.o(i.HAL_RCC_OscConfig) for HAL_RCC_OscConfig
    main.o(i.SystemClock_Config) refers to main.o(i.Error_Handler) for Error_Handler
    main.o(i.SystemClock_Config) refers to stm32f1xx_hal_rcc.o(i.HAL_RCC_ClockConfig) for HAL_RCC_ClockConfig
    main.o(i.main) refers to stm32f1xx_hal.o(i.HAL_Init) for HAL_Init
    main.o(i.main) refers to main.o(i.SystemClock_Config) for SystemClock_Config
    main.o(i.main) refers to gpio.o(i.MX_GPIO_Init) for MX_GPIO_Init
    main.o(i.main) refers to usart.o(i.MX_USART1_UART_Init) for MX_USART1_UART_Init
    main.o(i.main) refers to tim.o(i.MX_TIM6_Init) for MX_TIM6_Init
    main.o(i.main) refers to spi.o(i.MX_SPI2_Init) for MX_SPI2_Init
    main.o(i.main) refers to fsmc.o(i.MX_FSMC_Init) for MX_FSMC_Init
    main.o(i.main) refers to usart.o(i.MX_USART2_UART_Init) for MX_USART2_UART_Init
    main.o(i.main) refers to stm32f1xx_hal_uart.o(i.HAL_UART_Receive_IT) for HAL_UART_Receive_IT
    main.o(i.main) refers to lcd.o(i.LCD_Init) for LCD_Init
    main.o(i.main) refers to lcd.o(i.LCD_Clear) for LCD_Clear
    main.o(i.main) refers to cmsis_os2.o(i.osKernelInitialize) for osKernelInitialize
    main.o(i.main) refers to freertos.o(i.MX_FREERTOS_Init) for MX_FREERTOS_Init
    main.o(i.main) refers to cmsis_os2.o(i.osKernelStart) for osKernelStart
    main.o(i.main) refers to kqm.o(i.KQM_Handle) for KQM_Handle
    main.o(i.main) refers to stm32f1xx_hal.o(i.HAL_Delay) for HAL_Delay
    main.o(i.main) refers to uart1.o(.data) for U1_Rec_Single
    main.o(i.main) refers to usart.o(.bss) for huart1
    gpio.o(i.MX_GPIO_Init) refers to stm32f1xx_hal_gpio.o(i.HAL_GPIO_WritePin) for HAL_GPIO_WritePin
    gpio.o(i.MX_GPIO_Init) refers to stm32f1xx_hal_gpio.o(i.HAL_GPIO_Init) for HAL_GPIO_Init
    freertos.o(i.MX_FREERTOS_Init) refers to cmsis_os2.o(i.osThreadNew) for osThreadNew
    freertos.o(i.MX_FREERTOS_Init) refers to freertos.o(.constdata) for defaultTask_attributes
    freertos.o(i.MX_FREERTOS_Init) refers to freertos.o(i.StartDefaultTask) for StartDefaultTask
    freertos.o(i.MX_FREERTOS_Init) refers to freertos.o(.data) for defaultTaskHandle
    freertos.o(i.MX_FREERTOS_Init) refers to freertos.o(i.StartTask02) for StartTask02
    freertos.o(i.MX_FREERTOS_Init) refers to freertos.o(i.StartTask03) for StartTask03
    freertos.o(i.StartDefaultTask) refers to cmsis_os2.o(i.osDelay) for osDelay
    freertos.o(i.StartTask02) refers to cmsis_os2.o(i.osDelay) for osDelay
    freertos.o(i.StartTask03) refers to kqm.o(i.KQM_Handle) for KQM_Handle
    freertos.o(i.StartTask03) refers to cmsis_os2.o(i.osDelay) for osDelay
    freertos.o(.constdata) refers to freertos.o(.conststring) for .conststring
    fsmc.o(i.HAL_FSMC_MspDeInit) refers to stm32f1xx_hal_gpio.o(i.HAL_GPIO_DeInit) for HAL_GPIO_DeInit
[...]
    i.LCD_Init                               0x08002844   Section        0  lcd.o(i.LCD_Init)
    i.LCD_RD_DATA                            0x08002874   Section        0  lcd.o(i.LCD_RD_DATA)
    i.LCD_ReadID                             0x08002888   Section        0  lcd.o(i.LCD_ReadID)
    i.LCD_Scan_Dir                           0x080028e8   Section        0  lcd.o(i.LCD_Scan_Dir)
    i.LCD_SetCursor                          0x08002a30   Section        0  lcd.o(i.LCD_SetCursor)
    i.LCD_WR_DATA                            0x08002a64   Section        0  lcd.o(i.LCD_WR_DATA)
    i.LCD_WR_REG                             0x08002a70   Section        0  lcd.o(i.LCD_WR_REG)
    i.LCD_WriteRAM_Prepare                   0x08002a7c   Section        0  lcd.o(i.LCD_WriteRAM_Prepare)
    i.LCD_WriteReg                           0x08002a90   Section        0  lcd.o(i.LCD_WriteReg)
    i.MX_FREERTOS_Init                       0x08002aa0   Section        0  freertos.o(i.MX_FREERTOS_Init)
    i.MX_FSMC_Init                           0x08002af4   Section        0  fsmc.o(i.MX_FSMC_Init)
    i.MX_GPIO_Init                           0x08002b80   Section        0  gpio.o(i.MX_GPIO_Init)
    i.MX_SPI2_Init                           0x08002cd0   Section        0  spi.o(i.MX_SPI2_Init)
    i.MX_TIM6_Init                           0x08002d14   Section        0  tim.o(i.MX_TIM6_Init)
    i.MX_USART1_UART_Init                    0x08002d60   Section        0  usart.o(i.MX_USART1_UART_Init)
    i.MX_USART2_UART_Init                    0x08002d98   Section        0  usart.o(i.MX_USART2_UART_Init)
    i.MemManage_Handler                      0x08002dd0   Section        0  stm32f1xx_it.o(i.MemManage_Handler)
    i.NMI_Handler                            0x08002dd4   Section        0  stm32f1xx_it.o(i.NMI_Handler)
    i.RCC_Delay                              0x08002dd8   Section        0  stm32f1xx_hal_rcc.o(i.RCC_Delay)
    RCC_Delay                                0x08002dd9   Thumb Code    36  stm32f1xx_hal_rcc.o(i.RCC_Delay)
    i.StartDefaultTask                       0x08002e00   Section        0  freertos.o(i.StartDefaultTask)
    i.StartTask02                            0x08002e0a   Section        0  freertos.o(i.StartTask02)
    i.StartTask03                            0x08002e14   Section        0  freertos.o(i.StartTask03)
    i.SysTick_Handler                        0x08002e24   Section        0  port.o(i.SysTick_Handler)
    i.SystemClock_Config                     0x08002e58   Section        0  main.o(i.SystemClock_Config)
    i.SystemInit                             0x08002ebe   Section        0  system_stm32f1xx.o(i.SystemInit)
    i.TIM6_IRQHandler                        0x08002ec0   Section        0  stm32f1xx_it.o(i.TIM6_IRQHandler)
    i.TIM7_IRQHandler                        0x08002ed0   Section        0  stm32f1xx_it.o(i.TIM7_IRQHandler)
    i.TIM_Base_SetConfig                     0x08002ee0   Section        0  stm32f1xx_hal_tim.o(i.TIM_Base_SetConfig)
    i.UART1_SendByte                         0x08002f7c   Section        0  uart1.o(i.UART1_SendByte)
    i.UART_DMAAbortOnError                   0x08002f94   Section        0  stm32f1xx_hal_uart.o(i.UART_DMAAbortOnError)
    UART_DMAAbortOnError                     0x08002f95   Thumb Code    20  stm32f1xx_hal_uart.o(i.UART_DMAAbortOnError)
    i.UART_EndRxTransfer                     0x08002fa8   Section        0  stm32f1xx_hal_uart.o(i.UART_EndRxTransfer)
    UART_EndRxTransfer                       0x08002fa9   Thumb Code   108  stm32f1xx_hal_uart.o(i.UART_EndRxTransfer)
    i.UART_EndTransmit_IT                    0x08003014   Section        0  stm32f1xx_hal_uart.o(i.UART_EndTransmit_IT)
    UART_EndTransmit_IT                      0x08003015   Thumb Code    32  stm32f1xx_hal_uart.o(i.UART_EndTransmit_IT)
    i.UART_Receive_IT                        0x08003034   Section        0  stm32f1xx_hal_uart.o(i.UART_Receive_IT)
    UART_Receive_IT                          0x08003035   Thumb Code   252  stm32f1xx_hal_uart.o(i.UART_Receive_IT)
    i.UART_SetConfig                         0x08003130   Section        0  stm32f1xx_hal_uart.o(i.UART_SetConfig)
    UART_SetConfig                           0x08003131   Thumb Code   248  stm32f1xx_hal_uart.o(i.UART_SetConfig)
    i.UART_Start_Receive_IT                  0x0800322c   Section        0  stm32f1xx_hal_uart.o(i.UART_Start_Receive_IT)
    i.UART_Transmit_IT                       0x0800326c   Section        0  stm32f1xx_hal_uart.o(i.UART_Transmit_IT)
    UART_Transmit_IT                         0x0800326d   Thumb Code    96  stm32f1xx_hal_uart.o(i.UART_Transmit_IT)
    i.UART_WaitOnFlagUntilTimeout            0x080032cc   Section        0  stm32f1xx_hal_uart.o(i.UART_WaitOnFlagUntilTimeout)
    UART_WaitOnFlagUntilTimeout              0x080032cd   Thumb Code   146  stm32f1xx_hal_uart.o(i.UART_WaitOnFlagUntilTimeout)
    i.USART1_IRQHandler                      0x08003360   Section        0  stm32f1xx_it.o(i.USART1_IRQHandler)
    i.USART2_IRQHandler                      0x08003370   Section        0  stm32f1xx_it.o(i.USART2_IRQHandler)
    i.UsageFault_Handler                     0x08003380   Section        0  stm32f1xx_it.o(i.UsageFault_Handler)
    i.__0printf                              0x08003384   Section        0  printfa.o(i.__0printf)
    i.__NVIC_GetPriorityGrouping             0x080033a4   Section        0  stm32f1xx_hal_cortex.o(i.__NVIC_GetPriorityGrouping)
    __NVIC_GetPriorityGrouping               0x080033a5   Thumb Code    10  stm32f1xx_hal_cortex.o(i.__NVIC_GetPriorityGrouping)
    i.__NVIC_SetPriority                     0x080033b4   Section        0  stm32f1xx_hal_cortex.o(i.__NVIC_SetPriority)
    __NVIC_SetPriority                       0x080033b5   Thumb Code    32  stm32f1xx_hal_cortex.o(i.__NVIC_SetPriority)
    i.__get_BASEPRI                          0x080033dc   Section        0  cmsis_os2.o(i.__get_BASEPRI)
    __get_BASEPRI                            0x080033dd   Thumb Code     6  cmsis_os2.o(i.__get_BASEPRI)
    i.__get_IPSR                             0x080033e2   Section        0  cmsis_os2.o(i.__get_IPSR)
    __get_IPSR                               0x080033e3   Thumb Code     6  cmsis_os2.o(i.__get_IPSR)
    i.__get_PRIMASK                          0x080033e8   Section        0  cmsis_os2.o(i.__get_PRIMASK)
    __get_PRIMASK                            0x080033e9   Thumb Code     6  cmsis_os2.o(i.__get_PRIMASK)
    i.__scatterload_copy                     0x080033ee   Section       14  handlers.o(i.__scatterload_copy)
    i.__scatterload_null                     0x080033fc   Section        2  handlers.o(i.__scatterload_null)
    i.__scatterload_zeroinit                 0x080033fe   Section       14  handlers.o(i.__scatterload_zeroinit)
    i._fp_digits                             0x0800340c   Section        0  printfa.o(i._fp_digits)
    _fp_digits                               0x0800340d   Thumb Code   366  printfa.o(i._fp_digits)
    i._printf_core                           0x08003590   Section        0  printfa.o(i._printf_core)
    _printf_core                             0x08003591   Thumb Code  1744  printfa.o(i._printf_core)
    i._printf_post_padding                   0x08003c6c   Section        0  printfa.o(i._printf_post_padding)
    _printf_post_padding                     0x08003c6d   Thumb Code    36  printfa.o(i._printf_post_padding)
    i._printf_pre_padding                    0x08003c90   Section        0  printfa.o(i._printf_pre_padding)
    _printf_pre_padding                      0x08003c91   Thumb Code    46  printfa.o(i._printf_pre_padding)
    i.fputc                                  0x08003cbe   Section        0  uart1.o(i.fputc)
    i.main                                   0x08003cd0   Section        0  main.o(i.main)
    i.osDelay                                0x08003d3c   Section        0  cmsis_os2.o(i.osDelay)
    i.osKernelInitialize                     0x08003d74   Section        0  cmsis_os2.o(i.osKernelInitialize)
    i.osKernelStart                          0x08003db4   Section        0  cmsis_os2.o(i.osKernelStart)
    i.osThreadNew                            0x08003df8   Section        0  cmsis_os2.o(i.osThreadNew)
    i.prvAddCurrentTaskToDelayedList         0x08003ed4   Section        0  tasks.o(i.prvAddCurrentTaskToDelayedList)
    prvAddCurrentTaskToDelayedList           0x08003ed5   Thumb Code   100  tasks.o(i.prvAddCurrentTaskToDelayedList)
    i.prvAddNewTaskToReadyList               0x08003f50   Section        0  tasks.o(i.prvAddNewTaskToReadyList)
    prvAddNewTaskToReadyList                 0x08003f51   Thumb Code   154  tasks.o(i.prvAddNewTaskToReadyList)
    i.prvCheckForValidListAndQueue           0x08004008   Section        0  timers.o(i.prvCheckForValidListAndQueue)
    prvCheckForValidListAndQueue             0x08004009   Thumb Code    78  timers.o(i.prvCheckForValidListAndQueue)
    i.prvCheckTasksWaitingTermination        0x0800407c   Section        0  tasks.o(i.prvCheckTasksWaitingTermination)
    prvCheckTasksWaitingTermination          0x0800407d   Thumb Code    60  tasks.o(i.prvCheckTasksWaitingTermination)
    i.prvCopyDataFromQueue                   0x080040c4   Section        0  queue.o(i.prvCopyDataFromQueue)
    prvCopyDataFromQueue                     0x080040c5   Thumb Code    42  queue.o(i.prvCopyDataFromQueue)
    i.prvCopyDataToQueue                     0x080040ee   Section        0  queue.o(i.prvCopyDataToQueue)
    prvCopyDataToQueue                       0x080040ef   Thumb Code   124  queue.o(i.prvCopyDataToQueue)
    i.prvDeleteTCB                           0x0800416a   Section        0  tasks.o(i.prvDeleteTCB)
    prvDeleteTCB                             0x0800416b   Thumb Code    80  tasks.o(i.prvDeleteTCB)
    i.prvGetNextExpireTime                   0x080041bc   Section        0  timers.o(i.prvGetNextExpireTime)
    prvGetNextExpireTime                     0x080041bd   Thumb Code    36  timers.o(i.prvGetNextExpireTime)
    i.prvHeapInit                            0x080041e4   Section        0  heap_4.o(i.prvHeapInit)
    prvHeapInit                              0x080041e5   Thumb Code    98  heap_4.o(i.prvHeapInit)
    i.prvIdleTask                            0x08004260   Section        0  tasks.o(i.prvIdleTask)
    prvIdleTask                              0x08004261   Thumb Code    32  tasks.o(i.prvIdleTask)
    i.prvInitialiseNewQueue                  0x08004288   Section        0  queue.o(i.prvInitialiseNewQueue)
    prvInitialiseNewQueue                    0x08004289   Thumb Code    42  queue.o(i.prvInitialiseNewQueue)
    i.prvInitialiseNewTask                   0x080042b2   Section        0  tasks.o(i.prvInitialiseNewTask)
    prvInitialiseNewTask                     0x080042b3   Thumb Code   180  tasks.o(i.prvInitialiseNewTask)
    i.prvInitialiseTaskLists                 0x08004368   Section        0  tasks.o(i.prvInitialiseTaskLists)
    prvInitialiseTaskLists                   0x08004369   Thumb Code    70  tasks.o(i.prvInitialiseTaskLists)
    i.prvInsertBlockIntoFreeList             0x080043d0   Section        0  heap_4.o(i.prvInsertBlockIntoFreeList)
    prvInsertBlockIntoFreeList               0x080043d1   Thumb Code    96  heap_4.o(i.prvInsertBlockIntoFreeList)
    i.prvInsertTimerInActiveList             0x08004438   Section        0  timers.o(i.prvInsertTimerInActiveList)
    prvInsertTimerInActiveList               0x08004439   Thumb Code    80  timers.o(i.prvInsertTimerInActiveList)
    i.prvIsQueueEmpty                        0x08004490   Section        0  queue.o(i.prvIsQueueEmpty)
    prvIsQueueEmpty                          0x08004491   Thumb Code    26  queue.o(i.prvIsQueueEmpty)
    i.prvIsQueueFull                         0x080044aa   Section        0  queue.o(i.prvIsQueueFull)
    prvIsQueueFull                           0x080044ab   Thumb Code    30  queue.o(i.prvIsQueueFull)
    i.prvProcessExpiredTimer                 0x080044c8   Section        0  timers.o(i.prvProcessExpiredTimer)
    prvProcessExpiredTimer                   0x080044c9   Thumb Code    94  timers.o(i.prvProcessExpiredTimer)
    i.prvProcessReceivedCommands             0x0800452c   Section        0  timers.o(i.prvProcessReceivedCommands)
    prvProcessReceivedCommands               0x0800452d   Thumb Code   290  timers.o(i.prvProcessReceivedCommands)
    i.prvProcessTimerOrBlockTask             0x08004654   Section        0  timers.o(i.prvProcessTimerOrBlockTask)
    prvProcessTimerOrBlockTask               0x08004655   Thumb Code   102  timers.o(i.prvProcessTimerOrBlockTask)
    i.prvResetNextTaskUnblockTime            0x080046c8   Section        0  tasks.o(i.prvResetNextTaskUnblockTime)
    prvResetNextTaskUnblockTime              0x080046c9   Thumb Code    42  tasks.o(i.prvResetNextTaskUnblockTime)
    i.prvSampleTimeNow                       0x080046fc   Section        0  timers.o(i.prvSampleTimeNow)
    prvSampleTimeNow                         0x080046fd   Thumb Code    40  timers.o(i.prvSampleTimeNow)
    i.prvSwitchTimerLists                    0x08004728   Section        0  timers.o(i.prvSwitchTimerLists)
    prvSwitchTimerLists                      0x08004729   Thumb Code   150  timers.o(i.prvSwitchTimerLists)
    i.prvTaskExitError                       0x080047c8   Section        0  port.o(i.prvTaskExitError)
    prvTaskExitError                         0x080047c9   Thumb Code    60  port.o(i.prvTaskExitError)
    i.prvTimerTask                           0x08004808   Section        0  timers.o(i.prvTimerTask)
    prvTimerTask                             0x08004809   Thumb Code    26  timers.o(i.prvTimerTask)
    i.prvUnlockQueue                         0x08004822   Section        0  queue.o(i.prvUnlockQueue)
    prvUnlockQueue                           0x08004823   Thumb Code   126  queue.o(i.prvUnlockQueue)
    i.pvPortMalloc                           0x080048a0   Section        0  heap_4.o(i.pvPortMalloc)
    i.pxPortInitialiseStack                  0x080049dc   Section        0  port.o(i.pxPortInitialiseStack)
    i.uxListRemove                           0x08004a00   Section        0  list.o(i.uxListRemove)
    i.vApplicationGetIdleTaskMemory          0x08004a28   Section        0  cmsis_os2.o(i.vApplicationGetIdleTaskMemory)
    i.vApplicationGetTimerTaskMemory         0x08004a40   Section        0  cmsis_os2.o(i.vApplicationGetTimerTaskMemory)
    i.vListInitialise                        0x08004a58   Section        0  list.o(i.vListInitialise)
    i.vListInitialiseItem                    0x08004a72   Section        0  list.o(i.vListInitialiseItem)
    i.vListInsert                            0x08004a78   Section        0  list.o(i.vListInsert)
    i.vListInsertEnd                         0x08004aac   Section        0  list.o(i.vListInsertEnd)
    i.vPortEnterCritical                     0x08004ac4   Section        0  port.o(i.vPortEnterCritical)
    i.vPortExitCritical                      0x08004b18   Section        0  port.o(i.vPortExitCritical)
    i.vPortFree                              0x08004b54   Section        0  heap_4.o(i.vPortFree)
    i.vPortSetupTimerInterrupt               0x08004be8   Section        0  port.o(i.vPortSetupTimerInterrupt)
    i.vPortValidateInterruptPriority         0x08004c10   Section        0  port.o(i.vPortValidateInterruptPriority)
    i.vQueueAddToRegistry                    0x08004c88   Section        0  queue.o(i.vQueueAddToRegistry)
    i.vQueueWaitForMessageRestricted         0x08004cb4   Section        0  queue.o(i.vQueueWaitForMessageRestricted)
    i.vTaskDelay                             0x08004d00   Section        0  tasks.o(i.vTaskDelay)
    i.vTaskInternalSetTimeOutState           0x08004d5c   Section        0  tasks.o(i.vTaskInternalSetTimeOutState)
    i.vTaskMissedYield                       0x08004d74   Section        0  tasks.o(i.vTaskMissedYield)
    i.vTaskPlaceOnEventList                  0x08004d80   Section        0  tasks.o(i.vTaskPlaceOnEventList)
    i.vTaskPlaceOnEventListRestricted        0x08004db8   Section        0  tasks.o(i.vTaskPlaceOnEventListRestricted)
    i.vTaskStartScheduler                    0x08004df8   Section        0  tasks.o(i.vTaskStartScheduler)
    i.vTaskSuspendAll                        0x08004eb0   Section        0  tasks.o(i.vTaskSuspendAll)
    i.vTaskSwitchContext                     0x08004ec0   Section        0  tasks.o(i.vTaskSwitchContext)
    i.xPortStartScheduler                    0x08004f50   Section        0  port.o(i.xPortStartScheduler)
    i.xQueueGenericCreateStatic              0x08005048   Section        0  queue.o(i.xQueueGenericCreateStatic)
    i.xQueueGenericReset                     0x08005128   Section        0  queue.o(i.xQueueGenericReset)
    i.xQueueGenericSend                      0x080051c0   Section        0  queue.o(i.xQueueGenericSend)
    i.xQueueGenericSendFromISR               0x08005368   Section        0  queue.o(i.xQueueGenericSendFromISR)
    i.xQueueReceive                          0x08005460   Section        0  queue.o(i.xQueueReceive)
    i.xTaskCheckForTimeOut                   0x080055c8   Section        0  tasks.o(i.xTaskCheckForTimeOut)
    i.xTaskCreate                            0x08005654   Section        0  tasks.o(i.xTaskCreate)
    i.xTaskCreateStatic                      0x080056b8   Section        0  tasks.o(i.xTaskCreateStatic)
    i.xTaskGetSchedulerState                 0x08005770   Section        0  tasks.o(i.xTaskGetSchedulerState)
    i.xTaskGetTickCount                      0x08005790   Section        0  tasks.o(i.xTaskGetTickCount)
    i.xTaskIncrementTick                     0x0800579c   Section        0  tasks.o(i.xTaskIncrementTick)
    i.xTaskPriorityDisinherit                0x080058e0   Section        0  tasks.o(i.xTaskPriorityDisinherit)
    i.xTaskRemoveFromEventList               0x08005984   Section        0  tasks.o(i.xTaskRemoveFromEventList)
    i.xTaskResumeAll                         0x08005a1c   Section        0  tasks.o(i.xTaskResumeAll)
    i.xTimerCreateTimerTask                  0x08005b20   Section        0  timers.o(i.xTimerCreateTimerTask)
    i.xTimerGenericCommand                   0x08005b98   Section        0  timers.o(i.xTimerGenericCommand)
    .constdata                               0x08005c1c   Section      108  freertos.o(.constdata)
    .constdata                               0x08005c88   Section       18  stm32f1xx_hal_rcc.o(.constdata)
    aPLLMULFactorTable                       0x08005c88   Data          16  stm32f1xx_hal_rcc.o(.constdata)
    aPredivFactorTable                       0x08005c98   Data           2  stm32f1xx_hal_rcc.o(.constdata)
    .constdata                               0x08005c9a   Section       24  system_stm32f1xx.o(.constdata)
    .conststring                             0x08005cb4   Section       36  freertos.o(.conststring)
    .data                                    0x20000000   Section       12  freertos.o(.data)
    .data                                    0x2000000c   Section        8  fsmc.o(.data)
    FSMC_Initialized                         0x2000000c   Data           4  fsmc.o(.data)
    FSMC_DeInitialized                       0x20000010   Data           4  fsmc.o(.data)
    .data                                    0x20000014   Section        9  stm32f1xx_hal.o(.data)
    .data                                    0x20000020   Section        4  system_stm32f1xx.o(.data)
    .data                                    0x20000024   Section        6  uart1.o(.data)
    .data                                    0x2000002c   Section       60  tasks.o(.data)
    pxDelayedTaskList                        0x20000030   Data           4  tasks.o(.data)
    pxOverflowDelayedTaskList                0x20000034   Data           4  tasks.o(.data)
    uxDeletedTasksWaitingCleanUp             0x20000038   Data           4  tasks.o(.data)
    uxCurrentNumberOfTasks                   0x2000003c   Data           4  tasks.o(.data)
    xTickCount                               0x20000040   Data           4  tasks.o(.data)
    uxTopReadyPriority                       0x20000044   Data           4  tasks.o(.data)
    xSchedulerRunning                        0x20000048   Data           4  tasks.o(.data)
    uxPendedTicks                            0x2000004c   Data           4  tasks.o(.data)
    xYieldPending                            0x20000050   Data           4  tasks.o(.data)
    xNumOfOverflows                          0x20000054   Data           4  tasks.o(.data)
    uxTaskNumber                             0x20000058   Data           4  tasks.o(.data)
    xNextTaskUnblockTime                     0x2000005c   Data           4  tasks.o(.data)
    xIdleTaskHandle                          0x20000060   Data           4  tasks.o(.data)
    uxSchedulerSuspended                     0x20000064   Data           4  tasks.o(.data)
    .data                                    0x20000068   Section       20  timers.o(.data)
    pxCurrentTimerList                       0x20000068   Data           4  timers.o(.data)
    pxOverflowTimerList                      0x2000006c   Data           4  timers.o(.data)
    xTimerQueue                              0x20000070   Data           4  timers.o(.data)
    xTimerTaskHandle                         0x20000074   Data           4  timers.o(.data)
    xLastTime                                0x20000078   Data           4  timers.o(.data)
    .data                                    0x2000007c   Section        4  cmsis_os2.o(.data)
    KernelState                              0x2000007c   Data           4  cmsis_os2.o(.data)
    .data                                    0x20000080   Section       24  heap_4.o(.data)
    xStart                                   0x20000080   Data           8  heap_4.o(.data)
    pxEnd                                    0x20000088   Data           4  heap_4.o(.data)
    xFreeBytesRemaining                      0x2000008c   Data           4  heap_4.o(.data)
    xMinimumEverFreeBytesRemaining           0x20000090   Data           4  heap_4.o(.data)
    xBlockAllocatedBit                       0x20000094   Data           4  heap_4.o(.data)
    .data                                    0x20000098   Section       12  port.o(.data)
    uxCriticalNesting                        0x20000098   Data           4  port.o(.data)
    ucMaxSysCallPriority                     0x2000009c   Data           1  port.o(.data)
    ulMaxPRIGROUPValue                       0x200000a0   Data           4  port.o(.data)
    .data                                    0x200000a4   Section        4  stdout.o(.data)
    .bss                                     0x200000a8   Section       72  fsmc.o(.bss)
    .bss                                     0x200000f0   Section       88  spi.o(.bss)
    .bss                                     0x20000148   Section       72  tim.o(.bss)
    .bss                                     0x20000190   Section      144  usart.o(.bss)
    .bss                                     0x20000220   Section       72  stm32f1xx_hal_timebase_tim.o(.bss)
    .bss                                     0x20000268   Section      200  uart1.o(.bss)
    .bss                                     0x20000330   Section       14  lcd.o(.bss)
    .bss                                     0x20000340   Section       24  kqm.o(.bss)
    .bss                                     0x20000358   Section       64  queue.o(.bss)
    .bss                                     0x20000398   Section     1220  tasks.o(.bss)
    pxReadyTasksLists                        0x20000398   Data        1120  tasks.o(.bss)
    xDelayedTaskList1                        0x200007f8   Data          20  tasks.o(.bss)
    xDelayedTaskList2                        0x2000080c   Data          20  tasks.o(.bss)
    xPendingReadyList                        0x20000820   Data          20  tasks.o(.bss)
    xTasksWaitingTermination                 0x20000834   Data          20  tasks.o(.bss)
    xSuspendedTaskList                       0x20000848   Data          20  tasks.o(.bss)
    .bss                                     0x2000085c   Section      280  timers.o(.bss)
    xActiveTimerList1                        0x2000085c   Data          20  timers.o(.bss)
    xActiveTimerList2                        0x20000870   Data          20  timers.o(.bss)
    xStaticTimerQueue                        0x20000884   Data          80  timers.o(.bss)
    ucStaticTimerQueueStorage                0x200008d4   Data         160  timers.o(.bss)
    .bss                                     0x20000974   Section     1720  cmsis_os2.o(.bss)
    Idle_TCB                                 0x20000974   Data          92  cmsis_os2.o(.bss)
    Idle_Stack                               0x200009d0   Data         512  cmsis_os2.o(.bss)
    Timer_TCB                                0x20000bd0   Data          92  cmsis_os2.o(.bss)
    Timer_Stack                              0x20000c2c   Data        1024  cmsis_os2.o(.bss)
    .bss                                     0x2000102c   Section     3072  heap_4.o(.bss)
    ucHeap                                   0x2000102c   Data        3072  heap_4.o(.bss)
    STACK                                    0x20001c30   Section     1024  startup_stm32f103xe.o(STACK)

    Global Symbols

    Symbol Name                              Value     Ov Type        Size  Object(Section)

    BuildAttributes$$THM_ISAv4$P$D$K$B$S$PE$A:L22UL41UL21$X:L11$S22US41US21$IEEE1$IW$USESV6$~STKCKD$USESV7$~SHL$OTIME$ROPI$EBA8$MICROLIB$REQ8$PRES8$EABIv2 0x00000000   Number         0  anon$$obj.o ABSOLUTE
    __ARM_use_no_argv                        0x00000000   Number         0  main.o ABSOLUTE
    _printf_a                                0x00000000   Number         0  stubs.o ABSOLUTE
    _printf_c                                0x00000000   Number         0  stubs.o ABSOLUTE
    _printf_charcount                        0x00000000   Number         0  stubs.o ABSOLUTE
    _printf_d                                0x00000000   Number         0  stubs.o ABSOLUTE
    _printf_e                                0x00000000   Number         0  stubs.o ABSOLUTE
    _printf_f                                0x00000000   Number         0  stubs.o ABSOLUTE
    _printf_flags                            0x00000000   Number         0  stubs.o ABSOLUTE
    _printf_fp_dec                           0x00000000   Number         0  stubs.o ABSOLUTE
    _printf_fp_hex                           0x00000000   Number         0  stubs.o ABSOLUTE
    _printf_g                                0x00000000   Number         0  stubs.o ABSOLUTE
    _printf_i                                0x00000000   Number         0  stubs.o ABSOLUTE
    _printf_int_dec                          0x00000000   Number         0  stubs.o ABSOLUTE
    _printf_l                                0x00000000   Number         0  stubs.o ABSOLUTE
    _printf_lc                               0x00000000   Number         0  stubs.o ABSOLUTE
    _printf_ll                               0x00000000   Number         0  stubs.o ABSOLUTE
    _printf_lld                              0x00000000   Number         0  stubs.o ABSOLUTE
    _printf_lli                              0x00000000   Number         0  stubs.o ABSOLUTE
    _printf_llo                              0x00000000   Number         0  stubs.o ABSOLUTE
    _printf_llu                              0x00000000   Number         0  stubs.o ABSOLUTE
    _printf_llx                              0x00000000   Number         0  stubs.o ABSOLUTE
    _printf_longlong_dec                     0x00000000   Number         0  stubs.o ABSOLUTE
    _printf_longlong_hex                     0x00000000   Number         0  stubs.o ABSOLUTE
    _printf_longlong_oct                     0x00000000   Number         0  stubs.o ABSOLUTE
    _printf_ls                               0x00000000   Number         0  stubs.o ABSOLUTE
    _printf_mbtowc                           0x00000000   Number         0  stubs.o ABSOLUTE
    _printf_n                                0x00000000   Number         0  stubs.o ABSOLUTE
    _printf_o                                0x00000000   Number         0  stubs.o ABSOLUTE
    _printf_p                                0x00000000   Number         0  stubs.o ABSOLUTE
    _printf_percent                          0x00000000   Number         0  stubs.o ABSOLUTE
    _printf_pre_padding                      0x00000000   Number         0  stubs.o ABSOLUTE
    _printf_return_value                     0x00000000   Number         0  stubs.o ABSOLUTE
    _printf_s                                0x00000000   Number         0  stubs.o ABSOLUTE
    _printf_sizespec                         0x00000000   Number         0  stubs.o ABSOLUTE
    _printf_str                              0x00000000   Number         0  stubs.o ABSOLUTE
    _printf_truncate_signed                  0x00000000   Number         0  stubs.o ABSOLUTE
    _printf_truncate_unsigned                0x00000000   Number         0  stubs.o ABSOLUTE
    _printf_u                                0x00000000   Number         0  stubs.o ABSOLUTE
    _printf_wc                               0x00000000   Number         0  stubs.o ABSOLUTE
    _printf_wctomb                           0x00000000   Number         0  stubs.o ABSOLUTE
    _printf_widthprec                        0x00000000   Number         0  stubs.o ABSOLUTE
    _printf_x                                0x00000000   Number         0  stubs.o ABSOLUTE
    __cpp_initialize__aeabi_                  - Undefined Weak Reference
    __cxa_finalize                            - Undefined Weak Reference
    __decompress                              - Undefined Weak Reference
    _clock_init                               - Undefined Weak Reference
    _microlib_exit                            - Undefined Weak Reference
    __Vectors_Size                           0x00000130   Number         0  startup_stm32f103xe.o ABSOLUTE
    __Vectors                                0x08000000   Data           4  startup_stm32f103xe.o(RESET)
    __Vectors_End                            0x08000130   Data           0  startup_stm32f103xe.o(RESET)
    __main                                   0x08000131   Thumb Code     0  entry.o(.ARM.Collect$$$$00000000)
    _main_stk                                0x08000131   Thumb Code     0  entry2.o(.ARM.Collect$$$$00000001)
    _main_scatterload                        0x08000135   Thumb Code     0  entry5.o(.ARM.Collect$$$$00000004)
    __main_after_scatterload                 0x08000139   Thumb Code     0  entry5.o(.ARM.Collect$$$$00000004)
    _main_clock                              0x08000139   Thumb Code     0  entry7b.o(.ARM.Collect$$$$00000008)
    _main_cpp_init                           0x08000139   Thumb Code     0  entry8b.o(.ARM.Collect$$$$0000000A)
    _main_init                               0x08000139   Thumb Code     0  entry9a.o(.ARM.Collect$$$$0000000B)
    __rt_final_cpp                           0x08000141   Thumb Code     0  entry10a.o(.ARM.Collect$$$$0000000D)
    __rt_final_exit                          0x08000141   Thumb Code     0  entry11a.o(.ARM.Collect$$$$0000000F)
    SVC_Handler                              0x08000145   Thumb Code    32  port.o(.emb_text)
    __asm___6_port_c_39a90d8d__prvStartFirstTask 0x08000169   Thumb Code    28  port.o(.emb_text)
    PendSV_Handler                           0x08000189   Thumb Code    72  port.o(.emb_text)
    vPortGetIPSR                             0x080001d5   Thumb Code     6  port.o(.emb_text)
    Reset_Handler                            0x080001dd   Thumb Code     8  startup_stm32f103xe.o(.text)
    ADC1_2_IRQHandler                        0x080001f7   Thumb Code     0  startup_stm32f103xe.o(.text)
    ADC3_IRQHandler                          0x080001f7   Thumb Code     0  startup_stm32f103xe.o(.text)
    CAN1_RX1_IRQHandler                      0x080001f7   Thumb Code     0  startup_stm32f103xe.o(.text)
    CAN1_SCE_IRQHandler                      0x080001f7   Thumb Code     0  startup_stm32f103xe.o(.text)
    DMA1_Channel1_IRQHandler                 0x080001f7   Thumb Code     0  startup_stm32f103xe.o(.text)
    DMA1_Channel2_IRQHandler                 0x080001f7   Thumb Code     0  startup_stm32f103xe.o(.text)
    DMA1_Channel3_IRQHandler                 0x080001f7   Thumb Code     0  startup_stm32f103xe.o(.text)
    DMA1_Channel4_IRQHandler                 0x080001f7   Thumb Code     0  startup_stm32f103xe.o(.text)
    DMA1_Channel5_IRQHandler                 0x080001f7   Thumb Code     0  startup_stm32f103xe.o(.text)
    DMA1_Channel6_IRQHandler                 0x080001f7   Thumb Code     0  startup_stm32f103xe.o(.text)
    DMA1_Channel7_IRQHandler                 0x080001f7   Thumb Code     0  startup_stm32f103xe.o(.text)
    DMA2_Channel1_IRQHandler                 0x080001f7   Thumb Code     0  startup_stm32f103xe.o(.text)
    DMA2_Channel2_IRQHandler                 0x080001f7   Thumb Code     0  startup_stm32f103xe.o(.text)
    DMA2_Channel3_IRQHandler                 0x080001f7   Thumb Code     0  startup_stm32f103xe.o(.text)
    DMA2_Channel4_5_IRQHandler               0x080001f7   Thumb Code     0  startup_stm32f103xe.o(.text)
    EXTI0_IRQHandler                         0x080001f7   Thumb Code     0  startup_stm32f103xe.o(.text)
    EXTI15_10_IRQHandler                     0x080001f7   Thumb Code     0  startup_stm32f103xe.o(.text)
    EXTI1_IRQHandler                         0x080001f7   Thumb Code     0  startup_stm32f103xe.o(.text)
    EXTI2_IRQHandler                         0x080001f7   Thumb Code     0  startup_stm32f103xe.o(.text)
    EXTI3_IRQHandler                         0x080001f7   Thumb Code     0  startup_stm32f103xe.o(.text)
    EXTI4_IRQHandler                         0x080001f7   Thumb Code     0  startup_stm32f103xe.o(.text)
    EXTI9_5_IRQHandler                       0x080001f7   Thumb Code     0  startup_stm32f103xe.o(.text)
    FLASH_IRQHandler                         0x080001f7   Thumb Code     0  startup_stm32f103xe.o(.text)
    FSMC_IRQHandler                          0x080001f7   Thumb Code     0  startup_stm32f103xe.o(.text)
    I2C1_ER_IRQHandler                       0x080001f7   Thumb Code     0  startup_stm32f103xe.o(.text)
    I2C1_EV_IRQHandler                       0x080001f7   Thumb Code     0  startup_stm32f103xe.o(.text)
    I2C2_ER_IRQHandler                       0x080001f7   Thumb Code     0  startup_stm32f103xe.o(.text)
    I2C2_EV_IRQHandler                       0x080001f7   Thumb Code     0  startup_stm32f103xe.o(.text)
    PVD_IRQHandler                           0x080001f7   Thumb Code     0  startup_stm32f103xe.o(.text)
    RCC_IRQHandler                           0x080001f7   Thumb Code     0  startup_stm32f103xe.o(.text)
    RTC_Alarm_IRQHandler                     0x080001f7   Thumb Code     0  startup_stm32f103xe.o(.text)
    RTC_IRQHandler                           0x080001f7   Thumb Code     0  startup_stm32f103xe.o(.text)
    SDIO_IRQHandler                          0x080001f7   Thumb Code     0  startup_stm32f103xe.o(.text)
    SPI1_IRQHandler                          0x080001f7   Thumb Code     0  startup_stm32f103xe.o(.text)
    SPI2_IRQHandler                          0x080001f7   Thumb Code     0  startup_stm32f103xe.o(.text)
    SPI3_IRQHandler                          0x080001f7   Thumb Code     0  startup_stm32f103xe.o(.text)
    TAMPER_IRQHandler                        0x080001f7   Thumb Code     0  startup_stm32f103xe.o(.text)
    TIM1_BRK_IRQHandler                      0x080001f7   Thumb Code     0  startup_stm32f103xe.o(.text)
    TIM1_CC_IRQHandler                       0x080001f7   Thumb Code     0  startup_stm32f103xe.o(.text)
    TIM1_TRG_COM_IRQHandler                  0x080001f7   Thumb Code     0  startup_stm32f103xe.o(.text)
    TIM1_UP_IRQHandler                       0x080001f7   Thumb Code     0  startup_stm32f103xe.o(.text)
    TIM2_IRQHandler                          0x080001f7   Thumb Code     0  startup_stm32f103xe.o(.text)
    TIM3_IRQHandler                          0x080001f7   Thumb Code     0  startup_stm32f103xe.o(.text)
    TIM4_IRQHandler                          0x080001f7   Thumb Code     0  startup_stm32f103xe.o(.text)
    TIM5_IRQHandler                          0x080001f7   Thumb Code     0  startup_stm32f103xe.o(.text)
    TIM8_BRK_IRQHandler                      0x080001f7   Thumb Code     0  startup_stm32f103xe.o(.text)
    TIM8_CC_IRQHandler                       0x080001f7   Thumb Code     0  startup_stm32f103xe.o(.text)
    TIM8_TRG_COM_IRQHandler                  0x080001f7   Thumb Code     0  startup_stm32f103xe.o(.text)
    TIM8_UP_IRQHandler                       0x080001f7   Thumb Code     0  startup_stm32f103xe.o(.text)
    UART4_IRQHandler                         0x080001f7   Thumb Code     0  startup_stm32f103xe.o(.text)
    UART5_IRQHandler                         0x080001f7   Thumb Code     0  startup_stm32f103xe.o(.text)
    USART3_IRQHandler                        0x080001f7   Thumb Code     0  startup_stm32f103xe.o(.text)
    USBWakeUp_IRQHandler                     0x080001f7   Thumb Code     0  startup_stm32f103xe.o(.text)
    USB_HP_CAN1_TX_IRQHandler                0x080001f7   Thumb Code     0  startup_stm32f103xe.o(.text)
    USB_LP_CAN1_RX0_IRQHandler               0x080001f7   Thumb Code     0  startup_stm32f103xe.o(.text)
    WWDG_IRQHandler                          0x080001f7   Thumb Code     0  startup_stm32f103xe.o(.text)
    __aeabi_llsr                             0x08000201   Thumb Code    32  llushr.o(.text)
    _ll_ushift_r                             0x08000201   Thumb Code     0  llushr.o(.text)
    __aeabi_memcpy                           0x08000221   Thumb Code    36  memcpya.o(.text)
    __aeabi_memcpy4                          0x08000221   Thumb Code     0  memcpya.o(.text)
    __aeabi_memcpy8                          0x08000221   Thumb Code     0  memcpya.o(.text)
    __aeabi_memset                           0x08000245   Thumb Code    14  memseta.o(.text)
    __aeabi_memset4                          0x08000245   Thumb Code     0  memseta.o(.text)
    __aeabi_memset8                          0x08000245   Thumb Code     0  memseta.o(.text)
    __aeabi_memclr                           0x08000253   Thumb Code     4  memseta.o(.text)
    __aeabi_memclr4                          0x08000253   Thumb Code     0  memseta.o(.text)
    __aeabi_memclr8                          0x08000253   Thumb Code     0  memseta.o(.text)
    memset                                   0x08000257   Thumb Code    18  memseta.o(.text)
    __aeabi_dmul                             0x08000269   Thumb Code   228  dmul.o(.text)
    __aeabi_i2d                              0x0800034d   Thumb Code    34  dflti.o(.text)
    __aeabi_f2d                              0x0800036f   Thumb Code    38  f2d.o(.text)
    __aeabi_d2f                              0x08000395   Thumb Code    56  d2f.o(.text)
    __aeabi_uidiv                            0x080003cd   Thumb Code     0  uidiv.o(.text)
    __aeabi_uidivmod                         0x080003cd   Thumb Code    44  uidiv.o(.text)
    __aeabi_uldivmod                         0x080003f9   Thumb Code    98  uldiv.o(.text)
    __I$use$fp                               0x0800045b   Thumb Code     0  iusefp.o(.text)
    _float_round                             0x0800045b   Thumb Code    18  fepilogue.o(.text)
    _float_epilogue                          0x0800046d   Thumb Code    92  fepilogue.o(.text)
    _double_round                            0x080004c9   Thumb Code    30  depilogue.o(.text)
    _double_epilogue                         0x080004e7   Thumb Code   156  depilogue.o(.text)
    __aeabi_dadd                             0x08000583   Thumb Code   322  dadd.o(.text)
    __aeabi_dsub                             0x080006c5   Thumb Code     6  dadd.o(.text)
    __aeabi_drsub                            0x080006cb   Thumb Code     6  dadd.o(.text)
    __aeabi_ddiv                             0x080006d1   Thumb Code   222  ddiv.o(.text)
    __aeabi_d2ulz                            0x080007af   Thumb Code    48  dfixul.o(.text)
    __aeabi_cdrcmple                         0x080007e1   Thumb Code    48  cdrcmple.o(.text)
    __scatterload                            0x08000811   Thumb Code    28  init.o(.text)
    __scatterload_rt2                        0x08000811   Thumb Code     0  init.o(.text)
    __aeabi_llsl                             0x08000835   Thumb Code    30  llshl.o(.text)
    _ll_shift_l                              0x08000835   Thumb Code     0  llshl.o(.text)
    __aeabi_lasr                             0x08000853   Thumb Code    36  llsshr.o(.text)
    _ll_sshift_r                             0x08000853   Thumb Code     0  llsshr.o(.text)
    BusFault_Handler                         0x08000877   Thumb Code     4  stm32f1xx_it.o(i.BusFault_Handler)
    DebugMon_Handler                         0x0800087b   Thumb Code     2  stm32f1xx_it.o(i.DebugMon_Handler)
    Error_Handler                            0x0800087d   Thumb Code     6  main.o(i.Error_Handler)
    FSMC_NORSRAM_Extended_Timing_Init        0x08000885   Thumb Code    62  stm32f1xx_ll_fsmc.o(i.FSMC_NORSRAM_Extended_Timing_Init)
    FSMC_NORSRAM_Init                        0x080008c9   Thumb Code   116  stm32f1xx_ll_fsmc.o(i.FSMC_NORSRAM_Init)
    FSMC_NORSRAM_Timing_Init                 0x08000941   Thumb Code    66  stm32f1xx_ll_fsmc.o(i.FSMC_NORSRAM_Timing_Init)
    HAL_DMA_Abort                            0x08000983   Thumb Code    86  stm32f1xx_hal_dma.o(i.HAL_DMA_Abort)
    HAL_DMA_Abort_IT                         0x080009d9   Thumb Code   414  stm32f1xx_hal_dma.o(i.HAL_DMA_Abort_IT)
    HAL_Delay                                0x08000b81   Thumb Code    36  stm32f1xx_hal.o(i.HAL_Delay)
    HAL_GPIO_Init                            0x08000c3d   Thumb Code   792  stm32f1xx_hal_gpio.o(i.HAL_GPIO_Init)
    HAL_GPIO_WritePin                        0x08000f7d   Thumb Code    12  stm32f1xx_hal_gpio.o(i.HAL_GPIO_WritePin)
    HAL_GetTick                              0x08000f89   Thumb Code     6  stm32f1xx_hal.o(i.HAL_GetTick)
    HAL_IncTick                              0x08000f95   Thumb Code    16  stm32f1xx_hal.o(i.HAL_IncTick)
    HAL_Init                                 0x08000fad   Thumb Code    34  stm32f1xx_hal.o(i.HAL_Init)
    HAL_InitTick                             0x08000fd5   Thumb Code   158  stm32f1xx_hal_timebase_tim.o(i.HAL_InitTick)
    HAL_MspInit                              0x08001089   Thumb Code    86  stm32f1xx_hal_msp.o(i.HAL_MspInit)
    HAL_NVIC_EnableIRQ                       0x080010e9   Thumb Code    32  stm32f1xx_hal_cortex.o(i.HAL_NVIC_EnableIRQ)
    HAL_NVIC_SetPriority                     0x08001109   Thumb Code   124  stm32f1xx_hal_cortex.o(i.HAL_NVIC_SetPriority)
    HAL_NVIC_SetPriorityGrouping             0x08001185   Thumb Code    32  stm32f1xx_hal_cortex.o(i.HAL_NVIC_SetPriorityGrouping)
    HAL_RCC_ClockConfig                      0x080011ad   Thumb Code   376  stm32f1xx_hal_rcc.o(i.HAL_RCC_ClockConfig)
    HAL_RCC_GetClockConfig                   0x08001339   Thumb Code    58  stm32f1xx_hal_rcc.o(i.HAL_RCC_GetClockConfig)
    HAL_RCC_GetHCLKFreq                      0x0800137d   Thumb Code     6  stm32f1xx_hal_rcc.o(i.HAL_RCC_GetHCLKFreq)
    HAL_RCC_GetPCLK1Freq                     0x08001389   Thumb Code    22  stm32f1xx_hal_rcc.o(i.HAL_RCC_GetPCLK1Freq)
    HAL_RCC_GetPCLK2Freq                     0x080013a9   Thumb Code    22  stm32f1xx_hal_rcc.o(i.HAL_RCC_GetPCLK2Freq)
    HAL_RCC_GetSysClockFreq                  0x080013c9   Thumb Code    92  stm32f1xx_hal_rcc.o(i.HAL_RCC_GetSysClockFreq)
    HAL_RCC_OscConfig                        0x08001439   Thumb Code  1114  stm32f1xx_hal_rcc.o(i.HAL_RCC_OscConfig)
    HAL_SPI_Init                             0x0800189d   Thumb Code   190  stm32f1xx_hal_spi.o(i.HAL_SPI_Init)
    HAL_SPI_MspInit                          0x0800195d   Thumb Code   124  spi.o(i.HAL_SPI_MspInit)
    HAL_SRAM_Init                            0x080019e5   Thumb Code   102  stm32f1xx_hal_sram.o(i.HAL_SRAM_Init)
    HAL_SRAM_MspInit                         0x08001a4b   Thumb Code    10  fsmc.o(i.HAL_SRAM_MspInit)
    HAL_TIMEx_BreakCallback                  0x08001a55   Thumb Code     2  stm32f1xx_hal_tim_ex.o(i.HAL_TIMEx_BreakCallback)
    HAL_TIMEx_CommutCallback                 0x08001a57   Thumb Code     2  stm32f1xx_hal_tim_ex.o(i.HAL_TIMEx_CommutCallback)
    HAL_TIMEx_MasterConfigSynchronization    0x08001a59   Thumb Code   134  stm32f1xx_hal_tim_ex.o(i.HAL_TIMEx_MasterConfigSynchronization)
    HAL_TIM_Base_Init                        0x08001af5   Thumb Code   102  stm32f1xx_hal_tim.o(i.HAL_TIM_Base_Init)
    HAL_TIM_Base_MspInit                     0x08001b5d   Thumb Code    58  tim.o(i.HAL_TIM_Base_MspInit)
    HAL_TIM_Base_Start_IT                    0x08001ba1   Thumb Code   122  stm32f1xx_hal_tim.o(i.HAL_TIM_Base_Start_IT)
    HAL_TIM_Base_Stop_IT                     0x08001c31   Thumb Code    62  stm32f1xx_hal_tim.o(i.HAL_TIM_Base_Stop_IT)
    HAL_TIM_IC_CaptureCallback               0x08001c6f   Thumb Code     2  stm32f1xx_hal_tim.o(i.HAL_TIM_IC_CaptureCallback)
    HAL_TIM_IRQHandler                       0x08001c71   Thumb Code   406  stm32f1xx_hal_tim.o(i.HAL_TIM_IRQHandler)
    HAL_TIM_OC_DelayElapsedCallback          0x08001e07   Thumb Code     2  stm32f1xx_hal_tim.o(i.HAL_TIM_OC_DelayElapsedCallback)
    HAL_TIM_PWM_PulseFinishedCallback        0x08001e09   Thumb Code     2  stm32f1xx_hal_tim.o(i.HAL_TIM_PWM_PulseFinishedCallback)
    HAL_TIM_PeriodElapsedCallback            0x08001e0d   Thumb Code    38  main.o(i.HAL_TIM_PeriodElapsedCallback)
    HAL_TIM_TriggerCallback                  0x08001e45   Thumb Code     2  stm32f1xx_hal_tim.o(i.HAL_TIM_TriggerCallback)
    HAL_UARTEx_RxEventCallback               0x08001e47   Thumb Code     2  uart1.o(i.HAL_UARTEx_RxEventCallback)
    HAL_UART_ErrorCallback                   0x08001e49   Thumb Code     2  stm32f1xx_hal_uart.o(i.HAL_UART_ErrorCallback)
    HAL_UART_IRQHandler                      0x08001e4d   Thumb Code   736  stm32f1xx_hal_uart.o(i.HAL_UART_IRQHandler)
    HAL_UART_Init                            0x08002131   Thumb Code   118  stm32f1xx_hal_uart.o(i.HAL_UART_Init)
    HAL_UART_MspInit                         0x080021a9   Thumb Code   256  usart.o(i.HAL_UART_MspInit)
    HAL_UART_Receive_IT                      0x080022b9   Thumb Code    44  stm32f1xx_hal_uart.o(i.HAL_UART_Receive_IT)
    HAL_UART_RxCpltCallback                  0x080022e5   Thumb Code   112  uart1.o(i.HAL_UART_RxCpltCallback)
    HAL_UART_Transmit                        0x08002379   Thumb Code   178  stm32f1xx_hal_uart.o(i.HAL_UART_Transmit)
    HAL_UART_TxCpltCallback                  0x0800242b   Thumb Code     2  stm32f1xx_hal_uart.o(i.HAL_UART_TxCpltCallback)
    HardFault_Handler                        0x0800242d   Thumb Code     4  stm32f1xx_it.o(i.HardFault_Handler)
    KQM_Clear_R_Buff                         0x08002431   Thumb Code    16  kqm.o(i.KQM_Clear_R_Buff)
    KQM_Handle                               0x08002445   Thumb Code   236  kqm.o(i.KQM_Handle)
    LCD_Clear                                0x08002599   Thumb Code    42  lcd.o(i.LCD_Clear)
    LCD_Config                               0x080025cd   Thumb Code   556  lcd.o(i.LCD_Config)
    LCD_Display_Dir                          0x080027f9   Thumb Code    72  lcd.o(i.LCD_Display_Dir)
    LCD_Init                                 0x08002845   Thumb Code    42  lcd.o(i.LCD_Init)
    LCD_RD_DATA                              0x08002875   Thumb Code    14  lcd.o(i.LCD_RD_DATA)
    LCD_ReadID                               0x08002889   Thumb Code    74  lcd.o(i.LCD_ReadID)
    LCD_Scan_Dir                             0x080028e9   Thumb Code   322  lcd.o(i.LCD_Scan_Dir)
    LCD_SetCursor                            0x08002a31   Thumb Code    48  lcd.o(i.LCD_SetCursor)
    LCD_WR_DATA                              0x08002a65   Thumb Code     6  lcd.o(i.LCD_WR_DATA)
    LCD_WR_REG                               0x08002a71   Thumb Code     6  lcd.o(i.LCD_WR_REG)
    LCD_WriteRAM_Prepare                     0x08002a7d   Thumb Code    10  lcd.o(i.LCD_WriteRAM_Prepare)
    LCD_WriteReg                             0x08002a91   Thumb Code    10  lcd.o(i.LCD_WriteReg)
    MX_FREERTOS_Init                         0x08002aa1   Thumb Code    46  freertos.o(i.MX_FREERTOS_Init)
    MX_FSMC_Init                             0x08002af5   Thumb Code   126  fsmc.o(i.MX_FSMC_Init)
    MX_GPIO_Init                             0x08002b81   Thumb Code   314  gpio.o(i.MX_GPIO_Init)
    MX_SPI2_Init                             0x08002cd1   Thumb Code    60  spi.o(i.MX_SPI2_Init)
    MX_TIM6_Init                             0x08002d15   Thumb Code    66  tim.o(i.MX_TIM6_Init)
    MX_USART1_UART_Init                      0x08002d61   Thumb Code    46  usart.o(i.MX_USART1_UART_Init)
    MX_USART2_UART_Init                      0x08002d99   Thumb Code    46  usart.o(i.MX_USART2_UART_Init)
    MemManage_Handler                        0x08002dd1   Thumb Code     4  stm32f1xx_it.o(i.MemManage_Handler)
    NMI_Handler                              0x08002dd5   Thumb Code     4  stm32f1xx_it.o(i.NMI_Handler)
    StartDefaultTask                         0x08002e01   Thumb Code    10  freertos.o(i.StartDefaultTask)
    StartTask02                              0x08002e0b   Thumb Code    10  freertos.o(i.StartTask02)
    StartTask03                              0x08002e15   Thumb Code    14  freertos.o(i.StartTask03)
    SysTick_Handler                          0x08002e25   Thumb Code    46  port.o(i.SysTick_Handler)
    SystemClock_Config                       0x08002e59   Thumb Code   102  main.o(i.SystemClock_Config)
    SystemInit                               0x08002ebf   Thumb Code     2  system_stm32f1xx.o(i.SystemInit)
    TIM6_IRQHandler                          0x08002ec1   Thumb Code    10  stm32f1xx_it.o(i.TIM6_IRQHandler)
    TIM7_IRQHandler                          0x08002ed1   Thumb Code    10  stm32f1xx_it.o(i.TIM7_IRQHandler)
    TIM_Base_SetConfig                       0x08002ee1   Thumb Code   134  stm32f1xx_hal_tim.o(i.TIM_Base_SetConfig)
    UART1_SendByte                           0x08002f7d   Thumb Code    18  uart1.o(i.UART1_SendByte)
    UART_Start_Receive_IT                    0x0800322d   Thumb Code    64  stm32f1xx_hal_uart.o(i.UART_Start_Receive_IT)
    USART1_IRQHandler                        0x08003361   Thumb Code    10  stm32f1xx_it.o(i.USART1_IRQHandler)
    USART2_IRQHandler                        0x08003371   Thumb Code    10  stm32f1xx_it.o(i.USART2_IRQHandler)
    UsageFault_Handler                       0x08003381   Thumb Code     4  stm32f1xx_it.o(i.UsageFault_Handler)
    __0printf                                0x08003385   Thumb Code    22  printfa.o(i.__0printf)
    __1printf                                0x08003385   Thumb Code     0  printfa.o(i.__0printf)
    __2printf                                0x08003385   Thumb Code     0  printfa.o(i.__0printf)
    __c89printf                              0x08003385   Thumb Code     0  printfa.o(i.__0printf)
    printf                                   0x08003385   Thumb Code     0  printfa.o(i.__0printf)
    __scatterload_copy                       0x080033ef   Thumb Code    14  handlers.o(i.__scatterload_copy)
    __scatterload_null                       0x080033fd   Thumb Code     2  handlers.o(i.__scatterload_null)
    __scatterload_zeroinit                   0x080033ff   Thumb Code    14  handlers.o(i.__scatterload_zeroinit)
    fputc                                    0x08003cbf   Thumb Code    16  uart1.o(i.fputc)
    main                                     0x08003cd1   Thumb Code    92  main.o(i.main)
    osDelay                                  0x08003d3d   Thumb Code    50  cmsis_os2.o(i.osDelay)
    osKernelInitialize                       0x08003d75   Thumb Code    58  cmsis_os2.o(i.osKernelInitialize)
    osKernelStart                            0x08003db5   Thumb Code    64  cmsis_os2.o(i.osKernelStart)
    osThreadNew                              0x08003df9   Thumb Code   216  cmsis_os2.o(i.osThreadNew)
    pvPortMalloc                             0x080048a1   Thumb Code   296  heap_4.o(i.pvPortMalloc)
    pxPortInitialiseStack                    0x080049dd   Thumb Code    30  port.o(i.pxPortInitialiseStack)
    uxListRemove                             0x08004a01   Thumb Code    40  list.o(i.uxListRemove)
    vApplicationGetIdleTaskMemory            0x08004a29   Thumb Code    14  cmsis_os2.o(i.vApplicationGetIdleTaskMemory)
    vApplicationGetTimerTaskMemory           0x08004a41   Thumb Code    16  cmsis_os2.o(i.vApplicationGetTimerTaskMemory)
    vListInitialise                          0x08004a59   Thumb Code    26  list.o(i.vListInitialise)
    vListInitialiseItem                      0x08004a73   Thumb Code     6  list.o(i.vListInitialiseItem)
    vListInsert                              0x08004a79   Thumb Code    52  list.o(i.vListInsert)
    vListInsertEnd                           0x08004aad   Thumb Code    24  list.o(i.vListInsertEnd)
    vPortEnterCritical                       0x08004ac5   Thumb Code    76  port.o(i.vPortEnterCritical)
    vPortExitCritical                        0x08004b19   Thumb Code    56  port.o(i.vPortExitCritical)
    vPortFree                                0x08004b55   Thumb Code   140  heap_4.o(i.vPortFree)
    vPortSetupTimerInterrupt                 0x08004be9   Thumb Code    36  port.o(i.vPortSetupTimerInterrupt)
    vPortValidateInterruptPriority           0x08004c11   Thumb Code   106  port.o(i.vPortValidateInterruptPriority)
    vQueueAddToRegistry                      0x08004c89   Thumb Code    38  queue.o(i.vQueueAddToRegistry)
    vQueueWaitForMessageRestricted           0x08004cb5   Thumb Code    74  queue.o(i.vQueueWaitForMessageRestricted)
    vTaskDelay                               0x08004d01   Thumb Code    82  tasks.o(i.vTaskDelay)
    vTaskInternalSetTimeOutState             0x08004d5d   Thumb Code    14  tasks.o(i.vTaskInternalSetTimeOutState)
    vTaskMissedYield                         0x08004d75   Thumb Code     8  tasks.o(i.vTaskMissedYield)
    vTaskPlaceOnEventList                    0x08004d81   Thumb Code    52  tasks.o(i.vTaskPlaceOnEventList)
    vTaskPlaceOnEventListRestricted          0x08004db9   Thumb Code    60  tasks.o(i.vTaskPlaceOnEventListRestricted)
    vTaskStartScheduler                      0x08004df9   Thumb Code   156  tasks.o(i.vTaskStartScheduler)
    vTaskSuspendAll                          0x08004eb1   Thumb Code    12  tasks.o(i.vTaskSuspendAll)
    vTaskSwitchContext                       0x08004ec1   Thumb Code   122  tasks.o(i.vTaskSwitchContext)
    xPortStartScheduler                      0x08004f51   Thumb Code   228  port.o(i.xPortStartScheduler)
    xQueueGenericCreateStatic                0x08005049   Thumb Code   222  queue.o(i.xQueueGenericCreateStatic)
    xQueueGenericReset                       0x08005129   Thumb Code   146  queue.o(i.xQueueGenericReset)
    xQueueGenericSend                        0x080051c1   Thumb Code   420  queue.o(i.xQueueGenericSend)
    xQueueGenericSendFromISR                 0x08005369   Thumb Code   248  queue.o(i.xQueueGenericSendFromISR)
    xQueueReceive                            0x08005461   Thumb Code   356  queue.o(i.xQueueReceive)
    xTaskCheckForTimeOut                     0x080055c9   Thumb Code   132  tasks.o(i.xTaskCheckForTimeOut)
    xTaskCreate                              0x08005655   Thumb Code   100  tasks.o(i.xTaskCreate)
    xTaskCreateStatic                        0x080056b9   Thumb Code   184  tasks.o(i.xTaskCreateStatic)
    xTaskGetSchedulerState                   0x08005771   Thumb Code    24  tasks.o(i.xTaskGetSchedulerState)
    xTaskGetTickCount                        0x08005791   Thumb Code     6  tasks.o(i.xTaskGetTickCount)
    xTaskIncrementTick                       0x0800579d   Thumb Code   280  tasks.o(i.xTaskIncrementTick)
    xTaskPriorityDisinherit                  0x080058e1   Thumb Code   152  tasks.o(i.xTaskPriorityDisinherit)
    xTaskRemoveFromEventList                 0x08005985   Thumb Code   126  tasks.o(i.xTaskRemoveFromEventList)
    xTaskResumeAll                           0x08005a1d   Thumb Code   222  tasks.o(i.xTaskResumeAll)
    xTimerCreateTimerTask                    0x08005b21   Thumb Code   100  timers.o(i.xTimerCreateTimerTask)
    xTimerGenericCommand                     0x08005b99   Thumb Code   128  timers.o(i.xTimerGenericCommand)
    defaultTask_attributes                   0x08005c1c   Data          36  freertos.o(.constdata)
    myTask02_attributes                      0x08005c40   Data          36  freertos.o(.constdata)
    myTask03_attributes                      0x08005c64   Data          36  freertos.o(.constdata)
    AHBPrescTable                            0x08005c9a   Data          16  system_stm32f1xx.o(.constdata)
    APBPrescTable                            0x08005caa   Data           8  system_stm32f1xx.o(.constdata)
    Region$$Table$$Base                      0x08005cd8   Number         0  anon$$obj.o(Region$$Table)
    Region$$Table$$Limit                     0x08005cf8   Number         0  anon$$obj.o(Region$$Table)
    defaultTaskHandle                        0x20000000   Data           4  freertos.o(.data)
    myTask02Handle                           0x20000004   Data           4  freertos.o(.data)
    myTask03Handle                           0x20000008   Data           4  freertos.o(.data)
    uwTick                                   0x20000014   Data           4  stm32f1xx_hal.o(.data)
    uwTickPrio                               0x20000018   Data           4  stm32f1xx_hal.o(.data)
    uwTickFreq                               0x2000001c   Data           1  stm32f1xx_hal.o(.data)
    SystemCoreClock                          0x20000020   Data           4  system_stm32f1xx.o(.data)
    U1_Rec_Cnt                               0x20000024   Data           1  uart1.o(.data)
    U1_Rec_Idle                              0x20000025   Data           1  uart1.o(.data)
    U1_Rec_Single                            0x20000026   Data           1  uart1.o(.data)
    U2_Rec_Cnt                               0x20000027   Data           1  uart1.o(.data)
    U2_Rec_Idle                              0x20000028   Data           1  uart1.o(.data)
    U2_Rec_Single                            0x20000029   Data           1  uart1.o(.data)
    pxCurrentTCB                             0x2000002c   Data           4  tasks.o(.data)
    __stdout                                 0x200000a4   Data           4  stdout.o(.data)
    hsram4                                   0x200000a8   Data          72  fsmc.o(.bss)
    hspi2                                    0x200000f0   Data          88  spi.o(.bss)
    htim6                                    0x20000148   Data          72  tim.o(.bss)
    huart1                                   0x20000190   Data          72  usart.o(.bss)
    huart2                                   0x200001d8   Data          72  usart.o(.bss)
    htim7                                    0x20000220   Data          72  stm32f1xx_hal_timebase_tim.o(.bss)
    U1_Rec_Buff                              0x20000268   Data         100  uart1.o(.bss)
    U2_Rec_Buff                              0x200002cc   Data         100  uart1.o(.bss)
    lcddev                                   0x20000330   Data          14  lcd.o(.bss)
    kqm                                      0x20000340   Data          10  kqm.o(.bss)
    Sensor                                   0x2000034c   Data          12  kqm.o(.bss)
    xQueueRegistry                           0x20000358   Data          64  queue.o(.bss)
    __initial_sp                             0x20002030   Data           0  startup_stm32f103xe.o(STACK)



==============================================================================

Memory Map of the image

  Image Entry point : 0x08000131

  Load Region LR_IROM1 (Base: 0x08000000, Size: 0x00005da0, Max: 0x00080000, ABSOLUTE)

    Execution Region ER_IROM1 (Exec base: 0x08000000, Load base: 0x08000000, Size: 0x00005cf8, Max: 0x00080000, ABSOLUTE)

    Exec Addr    Load Addr    Size         Type   Attr      Idx    E Section Name        Object

    0x08000000   0x08000000   0x00000130   Data   RO            3    RESET               startup_stm32f103xe.o
    0x08000130   0x08000130   0x00000000   Code   RO         5724  * .ARM.Collect$$$$00000000  mc_w.l(entry.o)
    0x08000130   0x08000130   0x00000004   Code   RO         6006    .ARM.Collect$$$$00000001  mc_w.l(entry2.o)
    0x08000134   0x08000134   0x00000004   Code   RO         6009    .ARM.Collect$$$$00000004  mc_w.l(entry5.o)
    0x08000138   0x08000138   0x00000000   Code   RO         6011    .ARM.Collect$$$$00000008  mc_w.l(entry7b.o)
    0x08000138   0x08000138   0x00000000   Code   RO         6013    .ARM.Collect$$$$0000000A  mc_w.l(entry8b.o)
    0x08000138   0x08000138   0x00000008   Code   RO         6014    .ARM.Collect$$$$0000000B  mc_w.l(entry9a.o)
    0x08000140   0x08000140   0x00000000   Code   RO         6016    .ARM.Collect$$$$0000000D  mc_w.l(entry10a.o)
    0x08000140   0x08000140   0x00000000   Code   RO         6018    .ARM.Collect$$$$0000000F  mc_w.l(entry11a.o)
    0x08000140   0x08000140   0x00000004   Code   RO         6007    .ARM.Collect$$$$00002712  mc_w.l(entry2.o)
    0x08000144   0x08000144   0x00000096   Code   RO         5647    .emb_text           port.o
    0x080001da   0x080001da   0x00000002   PAD
    0x080001dc   0x080001dc   0x00000024   Code   RO            4    .text               startup_stm32f103xe.o
    0x08000200   0x08000200   0x00000020   Code   RO         5727    .text               mc_w.l(llushr.o)
    0x08000220   0x08000220   0x00000024   Code   RO         5729    .text               mc_w.l(memcpya.o)
    0x08000244   0x08000244   0x00000024   Code   RO         5733    .text               mc_w.l(memseta.o)
    0x08000268   0x08000268   0x000000e4   Code   RO         5998    .text               mf_w.l(dmul.o)
    0x0800034c   0x0800034c   0x00000022   Code   RO         6000    .text               mf_w.l(dflti.o)
    0x0800036e   0x0800036e   0x00000026   Code   RO         6002    .text               mf_w.l(f2d.o)
    0x08000394   0x08000394   0x00000038   Code   RO         6004    .text               mf_w.l(d2f.o)
    0x080003cc   0x080003cc   0x0000002c   Code   RO         6021    .text               mc_w.l(uidiv.o)
    0x080003f8   0x080003f8   0x00000062   Code   RO         6023    .text               mc_w.l(uldiv.o)
    0x0800045a   0x0800045a   0x00000000   Code   RO         6025    .text               mc_w.l(iusefp.o)
    0x0800045a   0x0800045a   0x0000006e   Code   RO         6026    .text               mf_w.l(fepilogue.o)
    0x080004c8   0x080004c8   0x000000ba   Code   RO         6028    .text               mf_w.l(depilogue.o)
    0x08000582   0x08000582   0x0000014e   Code   RO         6030    .text               mf_w.l(dadd.o)
    0x080006d0   0x080006d0   0x000000de   Code   RO         6032    .text               mf_w.l(ddiv.o)
    0x080007ae   0x080007ae   0x00000030   Code   RO         6034    .text               mf_w.l(dfixul.o)
    0x080007de   0x080007de   0x00000002   PAD
    0x080007e0   0x080007e0   0x00000030   Code   RO         6036    .text               mf_w.l(cdrcmple.o)
    0x08000810   0x08000810   0x00000024   Code   RO         6038    .text               mc_w.l(init.o)
    0x08000834   0x08000834   0x0000001e   Code   RO         6040    .text               mc_w.l(llshl.o)
    0x08000852   0x08000852   0x00000024   Code   RO         6042    .text               mc_w.l(llsshr.o)
    0x08000876   0x08000876   0x00000004   Code   RO          494    i.BusFault_Handler  stm32f1xx_it.o
    0x0800087a   0x0800087a   0x00000002   Code   RO          495    i.DebugMon_Handler  stm32f1xx_it.o
    0x0800087c   0x0800087c   0x00000006   Code   RO           13    i.Error_Handler     main.o
    0x08000882   0x08000882   0x00000002   PAD
    0x08000884   0x08000884   0x00000044   Code   RO         1691    i.FSMC_NORSRAM_Extended_Timing_Init  stm32f1xx_ll_fsmc.o
    0x080008c8   0x080008c8   0x00000078   Code   RO         1692    i.FSMC_NORSRAM_Init  stm32f1xx_ll_fsmc.o
    0x08000940   0x08000940   0x00000042   Code   RO         1693    i.FSMC_NORSRAM_Timing_Init  stm32f1xx_ll_fsmc.o
    0x08000982   0x08000982   0x00000056   Code   RO         1061    i.HAL_DMA_Abort     stm32f1xx_hal_dma.o
    0x080009d8   0x080009d8   0x000001a8   Code   RO         1062    i.HAL_DMA_Abort_IT  stm32f1xx_hal_dma.o
    0x08000b80   0x08000b80   0x00000028   Code   RO          682    i.HAL_Delay         stm32f1xx_hal.o
    0x08000ba8   0x08000ba8   0x00000094   Code   RO          310    i.HAL_FSMC_MspInit  fsmc.o
    0x08000c3c   0x08000c3c   0x00000340   Code   RO          997    i.HAL_GPIO_Init     stm32f1xx_hal_gpio.o
    0x08000f7c   0x08000f7c   0x0000000c   Code   RO         1001    i.HAL_GPIO_WritePin  stm32f1xx_hal_gpio.o
    0x08000f88   0x08000f88   0x0000000c   Code   RO          686    i.HAL_GetTick       stm32f1xx_hal.o
    0x08000f94   0x08000f94   0x00000018   Code   RO          692    i.HAL_IncTick       stm32f1xx_hal.o
    0x08000fac   0x08000fac   0x00000028   Code   RO          693    i.HAL_Init          stm32f1xx_hal.o
    0x08000fd4   0x08000fd4   0x000000b4   Code   RO          600    i.HAL_InitTick      stm32f1xx_hal_timebase_tim.o
    0x08001088   0x08001088   0x00000060   Code   RO          576    i.HAL_MspInit       stm32f1xx_hal_msp.o
    0x080010e8   0x080010e8   0x00000020   Code   RO         1157    i.HAL_NVIC_EnableIRQ  stm32f1xx_hal_cortex.o
    0x08001108   0x08001108   0x0000007c   Code   RO         1163    i.HAL_NVIC_SetPriority  stm32f1xx_hal_cortex.o
    0x08001184   0x08001184   0x00000028   Code   RO         1164    i.HAL_NVIC_SetPriorityGrouping  stm32f1xx_hal_cortex.o
    0x080011ac   0x080011ac   0x0000018c   Code   RO          850    i.HAL_RCC_ClockConfig  stm32f1xx_hal_rcc.o
    0x08001338   0x08001338   0x00000044   Code   RO          854    i.HAL_RCC_GetClockConfig  stm32f1xx_hal_rcc.o
    0x0800137c   0x0800137c   0x0000000c   Code   RO          855    i.HAL_RCC_GetHCLKFreq  stm32f1xx_hal_rcc.o
    0x08001388   0x08001388   0x00000020   Code   RO          857    i.HAL_RCC_GetPCLK1Freq  stm32f1xx_hal_rcc.o
    0x080013a8   0x080013a8   0x00000020   Code   RO          858    i.HAL_RCC_GetPCLK2Freq  stm32f1xx_hal_rcc.o
    0x080013c8   0x080013c8   0x00000070   Code   RO          859    i.HAL_RCC_GetSysClockFreq  stm32f1xx_hal_rcc.o
    0x08001438   0x08001438   0x00000464   Code   RO          862    i.HAL_RCC_OscConfig  stm32f1xx_hal_rcc.o
    0x0800189c   0x0800189c   0x000000be   Code   RO         1955    i.HAL_SPI_Init      stm32f1xx_hal_spi.o
    0x0800195a   0x0800195a   0x00000002   PAD
    0x0800195c   0x0800195c   0x00000088   Code   RO          363    i.HAL_SPI_MspInit   spi.o
    0x080019e4   0x080019e4   0x00000066   Code   RO         1813    i.HAL_SRAM_Init     stm32f1xx_hal_sram.o
    0x08001a4a   0x08001a4a   0x0000000a   Code   RO          312    i.HAL_SRAM_MspInit  fsmc.o
    0x08001a54   0x08001a54   0x00000002   Code   RO         2983    i.HAL_TIMEx_BreakCallback  stm32f1xx_hal_tim_ex.o
    0x08001a56   0x08001a56   0x00000002   Code   RO         2984    i.HAL_TIMEx_CommutCallback  stm32f1xx_hal_tim_ex.o
    0x08001a58   0x08001a58   0x0000009c   Code   RO         3002    i.HAL_TIMEx_MasterConfigSynchronization  stm32f1xx_hal_tim_ex.o
    0x08001af4   0x08001af4   0x00000066   Code   RO         2268    i.HAL_TIM_Base_Init  stm32f1xx_hal_tim.o
    0x08001b5a   0x08001b5a   0x00000002   PAD
    0x08001b5c   0x08001b5c   0x00000044   Code   RO          405    i.HAL_TIM_Base_MspInit  tim.o
    0x08001ba0   0x08001ba0   0x00000090   Code   RO         2273    i.HAL_TIM_Base_Start_IT  stm32f1xx_hal_tim.o
    0x08001c30   0x08001c30   0x0000003e   Code   RO         2276    i.HAL_TIM_Base_Stop_IT  stm32f1xx_hal_tim.o
    0x08001c6e   0x08001c6e   0x00000002   Code   RO         2302    i.HAL_TIM_IC_CaptureCallback  stm32f1xx_hal_tim.o
    0x08001c70   0x08001c70   0x00000196   Code   RO         2316    i.HAL_TIM_IRQHandler  stm32f1xx_hal_tim.o
    0x08001e06   0x08001e06   0x00000002   Code   RO         2319    i.HAL_TIM_OC_DelayElapsedCallback  stm32f1xx_hal_tim.o
    0x08001e08   0x08001e08   0x00000002   Code   RO         2346    i.HAL_TIM_PWM_PulseFinishedCallback  stm32f1xx_hal_tim.o
    0x08001e0a   0x08001e0a   0x00000002   PAD
    0x08001e0c   0x08001e0c   0x00000038   Code   RO           14    i.HAL_TIM_PeriodElapsedCallback  main.o
    0x08001e44   0x08001e44   0x00000002   Code   RO         2359    i.HAL_TIM_TriggerCallback  stm32f1xx_hal_tim.o
    0x08001e46   0x08001e46   0x00000002   Code   RO         3696    i.HAL_UARTEx_RxEventCallback  uart1.o
    0x08001e48   0x08001e48   0x00000002   Code   RO         3276    i.HAL_UART_ErrorCallback  stm32f1xx_hal_uart.o
    0x08001e4a   0x08001e4a   0x00000002   PAD
    0x08001e4c   0x08001e4c   0x000002e4   Code   RO         3279    i.HAL_UART_IRQHandler  stm32f1xx_hal_uart.o
    0x08002130   0x08002130   0x00000076   Code   RO         3280    i.HAL_UART_Init     stm32f1xx_hal_uart.o
    0x080021a6   0x080021a6   0x00000002   PAD
    0x080021a8   0x080021a8   0x00000110   Code   RO          447    i.HAL_UART_MspInit  usart.o
    0x080022b8   0x080022b8   0x0000002c   Code   RO         3285    i.HAL_UART_Receive_IT  stm32f1xx_hal_uart.o
    0x080022e4   0x080022e4   0x00000094   Code   RO         3697    i.HAL_UART_RxCpltCallback  uart1.o
    0x08002378   0x08002378   0x000000b2   Code   RO         3288    i.HAL_UART_Transmit  stm32f1xx_hal_uart.o
    0x0800242a   0x0800242a   0x00000002   Code   RO         3291    i.HAL_UART_TxCpltCallback  stm32f1xx_hal_uart.o
    0x0800242c   0x0800242c   0x00000004   Code   RO          496    i.HardFault_Handler  stm32f1xx_it.o
    0x08002430   0x08002430   0x00000014   Code   RO         4026    i.KQM_Clear_R_Buff  kqm.o
    0x08002444   0x08002444   0x00000154   Code   RO         4027    i.KQM_Handle        kqm.o
    0x08002598   0x08002598   0x00000034   Code   RO         3853    i.LCD_Clear         lcd.o
    0x080025cc   0x080025cc   0x0000022c   Code   RO         3855    i.LCD_Config        lcd.o
    0x080027f8   0x080027f8   0x0000004c   Code   RO         3856    i.LCD_Display_Dir   lcd.o
    0x08002844   0x08002844   0x00000030   Code   RO         3861    i.LCD_Init          lcd.o
    0x08002874   0x08002874   0x00000014   Code   RO         3862    i.LCD_RD_DATA       lcd.o
    0x08002888   0x08002888   0x00000060   Code   RO         3863    i.LCD_ReadID        lcd.o
    0x080028e8   0x080028e8   0x00000148   Code   RO         3864    i.LCD_Scan_Dir      lcd.o
    0x08002a30   0x08002a30   0x00000034   Code   RO         3865    i.LCD_SetCursor     lcd.o
    0x08002a64   0x08002a64   0x0000000c   Code   RO         3873    i.LCD_WR_DATA       lcd.o
    0x08002a70   0x08002a70   0x0000000c   Code   RO         3874    i.LCD_WR_REG        lcd.o
    0x08002a7c   0x08002a7c   0x00000014   Code   RO         3875    i.LCD_WriteRAM_Prepare  lcd.o
    0x08002a90   0x08002a90   0x00000010   Code   RO         3876    i.LCD_WriteReg      lcd.o
    0x08002aa0   0x08002aa0   0x00000054   Code   RO          248    i.MX_FREERTOS_Init  freertos.o
    0x08002af4   0x08002af4   0x0000008c   Code   RO          313    i.MX_FSMC_Init      fsmc.o
    0x08002b80   0x08002b80   0x00000150   Code   RO          224    i.MX_GPIO_Init      gpio.o
    0x08002cd0   0x08002cd0   0x00000044   Code   RO          364    i.MX_SPI2_Init      spi.o
    0x08002d14   0x08002d14   0x0000004c   Code   RO          406    i.MX_TIM6_Init      tim.o
    0x08002d60   0x08002d60   0x00000038   Code   RO          448    i.MX_USART1_UART_Init  usart.o
    0x08002d98   0x08002d98   0x00000038   Code   RO          449    i.MX_USART2_UART_Init  usart.o
    0x08002dd0   0x08002dd0   0x00000004   Code   RO          497    i.MemManage_Handler  stm32f1xx_it.o
    0x08002dd4   0x08002dd4   0x00000004   Code   RO          498    i.NMI_Handler       stm32f1xx_it.o
    0x08002dd8   0x08002dd8   0x00000028   Code   RO          863    i.RCC_Delay         stm32f1xx_hal_rcc.o
    0x08002e00   0x08002e00   0x0000000a   Code   RO          249    i.StartDefaultTask  freertos.o
    0x08002e0a   0x08002e0a   0x0000000a   Code   RO          250    i.StartTask02       freertos.o
    0x08002e14   0x08002e14   0x0000000e   Code   RO          251    i.StartTask03       freertos.o
    0x08002e22   0x08002e22   0x00000002   PAD
    0x08002e24   0x08002e24   0x00000034   Code   RO         5648    i.SysTick_Handler   port.o
    0x08002e58   0x08002e58   0x00000066   Code   RO           15    i.SystemClock_Config  main.o
    0x08002ebe   0x08002ebe   0x00000002   Code   RO         3624    i.SystemInit        system_stm32f1xx.o
    0x08002ec0   0x08002ec0   0x00000010   Code   RO          499    i.TIM6_IRQHandler   stm32f1xx_it.o
    0x08002ed0   0x08002ed0   0x00000010   Code   RO          500    i.TIM7_IRQHandler   stm32f1xx_it.o
    0x08002ee0   0x08002ee0   0x0000009c   Code   RO         2361    i.TIM_Base_SetConfig  stm32f1xx_hal_tim.o
    0x08002f7c   0x08002f7c   0x00000018   Code   RO         3699    i.UART1_SendByte    uart1.o
    0x08002f94   0x08002f94   0x00000014   Code   RO         3293    i.UART_DMAAbortOnError  stm32f1xx_hal_uart.o
    0x08002fa8   0x08002fa8   0x0000006c   Code   RO         3303    i.UART_EndRxTransfer  stm32f1xx_hal_uart.o
    0x08003014   0x08003014   0x00000020   Code   RO         3304    i.UART_EndTransmit_IT  stm32f1xx_hal_uart.o
    0x08003034   0x08003034   0x000000fc   Code   RO         3306    i.UART_Receive_IT   stm32f1xx_hal_uart.o
    0x08003130   0x08003130   0x000000fc   Code   RO         3307    i.UART_SetConfig    stm32f1xx_hal_uart.o
    0x0800322c   0x0800322c   0x00000040   Code   RO         3309    i.UART_Start_Receive_IT  stm32f1xx_hal_uart.o
    0x0800326c   0x0800326c   0x00000060   Code   RO         3310    i.UART_Transmit_IT  stm32f1xx_hal_uart.o
    0x080032cc   0x080032cc   0x00000092   Code   RO         3311    i.UART_WaitOnFlagUntilTimeout  stm32f1xx_hal_uart.o
    0x0800335e   0x0800335e   0x00000002   PAD
    0x08003360   0x08003360   0x00000010   Code   RO          501    i.USART1_IRQHandler  stm32f1xx_it.o
    0x08003370   0x08003370   0x00000010   Code   RO          502    i.USART2_IRQHandler  stm32f1xx_it.o
    0x08003380   0x08003380   0x00000004   Code   RO          503    i.UsageFault_Handler  stm32f1xx_it.o
    0x08003384   0x08003384   0x00000020   Code   RO         5970    i.__0printf         mc_w.l(printfa.o)
    0x080033a4   0x080033a4   0x00000010   Code   RO         1170    i.__NVIC_GetPriorityGrouping  stm32f1xx_hal_cortex.o
    0x080033b4   0x080033b4   0x00000028   Code   RO         1171    i.__NVIC_SetPriority  stm32f1xx_hal_cortex.o
    0x080033dc   0x080033dc   0x00000006   Code   RO         5162    i.__get_BASEPRI     cmsis_os2.o
    0x080033e2   0x080033e2   0x00000006   Code   RO         5163    i.__get_IPSR        cmsis_os2.o
    0x080033e8   0x080033e8   0x00000006   Code   RO         5164    i.__get_PRIMASK     cmsis_os2.o
    0x080033ee   0x080033ee   0x0000000e   Code   RO         6046    i.__scatterload_copy  mc_w.l(handlers.o)
    0x080033fc   0x080033fc   0x00000002   Code   RO         6047    i.__scatterload_null  mc_w.l(handlers.o)
    0x080033fe   0x080033fe   0x0000000e   Code   RO         6048    i.__scatterload_zeroinit  mc_w.l(handlers.o)
    0x0800340c   0x0800340c   0x00000184   Code   RO         5977    i._fp_digits        mc_w.l(printfa.o)
    0x08003590   0x08003590   0x000006dc   Code   RO         5978    i._printf_core      mc_w.l(printfa.o)
    0x08003c6c   0x08003c6c   0x00000024   Code   RO         5979    i._printf_post_padding  mc_w.l(printfa.o)
    0x08003c90   0x08003c90   0x0000002e   Code   RO         5980    i._printf_pre_padding  mc_w.l(printfa.o)
    0x08003cbe   0x08003cbe   0x00000010   Code   RO         3701    i.fputc             uart1.o
    0x08003cce   0x08003cce   0x00000002   PAD
    0x08003cd0   0x08003cd0   0x0000006c   Code   RO           16    i.main              main.o
    0x08003d3c   0x08003d3c   0x00000038   Code   RO         5165    i.osDelay           cmsis_os2.o
    0x08003d74   0x08003d74   0x00000040   Code   RO         5179    i.osKernelInitialize  cmsis_os2.o
    0x08003db4   0x08003db4   0x00000044   Code   RO         5182    i.osKernelStart     cmsis_os2.o
    0x08003df8   0x08003df8   0x000000dc   Code   RO         5216    i.osThreadNew       cmsis_os2.o
    0x08003ed4   0x08003ed4   0x0000007c   Code   RO         4637    i.prvAddCurrentTaskToDelayedList  tasks.o
    0x08003f50   0x08003f50   0x000000b8   Code   RO         4638    i.prvAddNewTaskToReadyList  tasks.o
    0x08004008   0x08004008   0x00000074   Code   RO         4998    i.prvCheckForValidListAndQueue  timers.o
    0x0800407c   0x0800407c   0x00000048   Code   RO         4639    i.prvCheckTasksWaitingTermination  tasks.o
    0x080040c4   0x080040c4   0x0000002a   Code   RO         4230    i.prvCopyDataFromQueue  queue.o
    0x080040ee   0x080040ee   0x0000007c   Code   RO         4231    i.prvCopyDataToQueue  queue.o
    0x0800416a   0x0800416a   0x00000050   Code   RO         4640    i.prvDeleteTCB      tasks.o
    0x080041ba   0x080041ba   0x00000002   PAD
    0x080041bc   0x080041bc   0x00000028   Code   RO         4999    i.prvGetNextExpireTime  timers.o
    0x080041e4   0x080041e4   0x0000007c   Code   RO         5598    i.prvHeapInit       heap_4.o
    0x08004260   0x08004260   0x00000028   Code   RO         4641    i.prvIdleTask       tasks.o
    0x08004288   0x08004288   0x0000002a   Code   RO         4234    i.prvInitialiseNewQueue  queue.o
    0x080042b2   0x080042b2   0x000000b4   Code   RO         4642    i.prvInitialiseNewTask  tasks.o
    0x08004366   0x08004366   0x00000002   PAD
    0x08004368   0x08004368   0x00000068   Code   RO         4643    i.prvInitialiseTaskLists  tasks.o
    0x080043d0   0x080043d0   0x00000068   Code   RO         5599    i.prvInsertBlockIntoFreeList  heap_4.o
    0x08004438   0x08004438   0x00000058   Code   RO         5001    i.prvInsertTimerInActiveList  timers.o
    0x08004490   0x08004490   0x0000001a   Code   RO         4235    i.prvIsQueueEmpty   queue.o
    0x080044aa   0x080044aa   0x0000001e   Code   RO         4236    i.prvIsQueueFull    queue.o
    0x080044c8   0x080044c8   0x00000064   Code   RO         5002    i.prvProcessExpiredTimer  timers.o
    0x0800452c   0x0800452c   0x00000128   Code   RO         5003    i.prvProcessReceivedCommands  timers.o
    0x08004654   0x08004654   0x00000074   Code   RO         5004    i.prvProcessTimerOrBlockTask  timers.o
    0x080046c8   0x080046c8   0x00000034   Code   RO         4645    i.prvResetNextTaskUnblockTime  tasks.o
    0x080046fc   0x080046fc   0x0000002c   Code   RO         5005    i.prvSampleTimeNow  timers.o
    0x08004728   0x08004728   0x000000a0   Code   RO         5006    i.prvSwitchTimerLists  timers.o
    0x080047c8   0x080047c8   0x00000040   Code   RO         5649    i.prvTaskExitError  port.o
    0x08004808   0x08004808   0x0000001a   Code   RO         5007    i.prvTimerTask      timers.o
    0x08004822   0x08004822   0x0000007e   Code   RO         4237    i.prvUnlockQueue    queue.o
    0x080048a0   0x080048a0   0x0000013c   Code   RO         5600    i.pvPortMalloc      heap_4.o
    0x080049dc   0x080049dc   0x00000024   Code   RO         5650    i.pxPortInitialiseStack  port.o
    0x08004a00   0x08004a00   0x00000028   Code   RO         4190    i.uxListRemove      list.o
    0x08004a28   0x08004a28   0x00000018   Code   RO         5228    i.vApplicationGetIdleTaskMemory  cmsis_os2.o
    0x08004a40   0x08004a40   0x00000018   Code   RO         5229    i.vApplicationGetTimerTaskMemory  cmsis_os2.o
    0x08004a58   0x08004a58   0x0000001a   Code   RO         4191    i.vListInitialise   list.o
    0x08004a72   0x08004a72   0x00000006   Code   RO         4192    i.vListInitialiseItem  list.o
    0x08004a78   0x08004a78   0x00000034   Code   RO         4193    i.vListInsert       list.o
    0x08004aac   0x08004aac   0x00000018   Code   RO         4194    i.vListInsertEnd    list.o
    0x08004ac4   0x08004ac4   0x00000054   Code   RO         5652    i.vPortEnterCritical  port.o
    0x08004b18   0x08004b18   0x0000003c   Code   RO         5653    i.vPortExitCritical  port.o
    0x08004b54   0x08004b54   0x00000094   Code   RO         5601    i.vPortFree         heap_4.o
    0x08004be8   0x08004be8   0x00000028   Code   RO         5654    i.vPortSetupTimerInterrupt  port.o
    0x08004c10   0x08004c10   0x00000078   Code   RO         5655    i.vPortValidateInterruptPriority  port.o
    0x08004c88   0x08004c88   0x0000002c   Code   RO         4243    i.vQueueAddToRegistry  queue.o
    0x08004cb4   0x08004cb4   0x0000004a   Code   RO         4247    i.vQueueWaitForMessageRestricted  queue.o
    0x08004cfe   0x08004cfe   0x00000002   PAD
    0x08004d00   0x08004d00   0x0000005c   Code   RO         4657    i.vTaskDelay        tasks.o
    0x08004d5c   0x08004d5c   0x00000018   Code   RO         4662    i.vTaskInternalSetTimeOutState  tasks.o
    0x08004d74   0x08004d74   0x0000000c   Code   RO         4663    i.vTaskMissedYield  tasks.o
    0x08004d80   0x08004d80   0x00000038   Code   RO         4665    i.vTaskPlaceOnEventList  tasks.o
    0x08004db8   0x08004db8   0x00000040   Code   RO         4666    i.vTaskPlaceOnEventListRestricted  tasks.o
    0x08004df8   0x08004df8   0x000000b8   Code   RO         4674    i.vTaskStartScheduler  tasks.o
    0x08004eb0   0x08004eb0   0x00000010   Code   RO         4676    i.vTaskSuspendAll   tasks.o
    0x08004ec0   0x08004ec0   0x00000090   Code   RO         4677    i.vTaskSwitchContext  tasks.o
    0x08004f50   0x08004f50   0x000000f8   Code   RO         5656    i.xPortStartScheduler  port.o
    0x08005048   0x08005048   0x000000de   Code   RO         4253    i.xQueueGenericCreateStatic  queue.o
    0x08005126   0x08005126   0x00000002   PAD
    0x08005128   0x08005128   0x00000098   Code   RO         4254    i.xQueueGenericReset  queue.o
    0x080051c0   0x080051c0   0x000001a8   Code   RO         4255    i.xQueueGenericSend  queue.o
    0x08005368   0x08005368   0x000000f8   Code   RO         4256    i.xQueueGenericSendFromISR  queue.o
    0x08005460   0x08005460   0x00000168   Code   RO         4265    i.xQueueReceive     queue.o
    0x080055c8   0x080055c8   0x0000008c   Code   RO         4678    i.xTaskCheckForTimeOut  tasks.o
    0x08005654   0x08005654   0x00000064   Code   RO         4679    i.xTaskCreate       tasks.o
    0x080056b8   0x080056b8   0x000000b8   Code   RO         4680    i.xTaskCreateStatic  tasks.o
    0x08005770   0x08005770   0x00000020   Code   RO         4684    i.xTaskGetSchedulerState  tasks.o
    0x08005790   0x08005790   0x0000000c   Code   RO         4685    i.xTaskGetTickCount  tasks.o
    0x0800579c   0x0800579c   0x00000144   Code   RO         4687    i.xTaskIncrementTick  tasks.o
    0x080058e0   0x080058e0   0x000000a4   Code   RO         4690    i.xTaskPriorityDisinherit  tasks.o
    0x08005984   0x08005984   0x00000098   Code   RO         4692    i.xTaskRemoveFromEventList  tasks.o
    0x08005a1c   0x08005a1c   0x00000104   Code   RO         4693    i.xTaskResumeAll    tasks.o
    0x08005b20   0x08005b20   0x00000078   Code   RO         5014    i.xTimerCreateTimerTask  timers.o
    0x08005b98   0x08005b98   0x00000084   Code   RO         5015    i.xTimerGenericCommand  timers.o
    0x08005c1c   0x08005c1c   0x0000006c   Data   RO          252    .constdata          freertos.o
    0x08005c88   0x08005c88   0x00000012   Data   RO          864    .constdata          stm32f1xx_hal_rcc.o
    0x08005c9a   0x08005c9a   0x00000018   Data   RO         3625    .constdata          system_stm32f1xx.o
    0x08005cb2   0x08005cb2   0x00000002   PAD
    0x08005cb4   0x08005cb4   0x00000024   Data   RO          253    .conststring        freertos.o
    0x08005cd8   0x08005cd8   0x00000020   Data   RO         6044    Region$$Table       anon$$obj.o


    Execution Region RW_IRAM1 (Exec base: 0x20000000, Load base: 0x08005cf8, Size: 0x00002030, Max: 0x00010000, ABSOLUTE)

    Exec Addr    Load Addr    Size         Type   Attr      Idx    E Section Name        Object

    0x20000000   0x08005cf8   0x0000000c   Data   RW          254    .data               freertos.o
    0x2000000c   0x08005d04   0x00000008   Data   RW          315    .data               fsmc.o
    0x20000014   0x08005d0c   0x00000009   Data   RW          700    .data               stm32f1xx_hal.o
    0x2000001d   0x08005d15   0x00000003   PAD
    0x20000020   0x08005d18   0x00000004   Data   RW         3626    .data               system_stm32f1xx.o
    0x20000024   0x08005d1c   0x00000006   Data   RW         3703    .data               uart1.o
    0x2000002a   0x08005d22   0x00000002   PAD
    0x2000002c   0x08005d24   0x0000003c   Data   RW         4696    .data               tasks.o
    0x20000068   0x08005d60   0x00000014   Data   RW         5023    .data               timers.o
    0x2000007c   0x08005d74   0x00000004   Data   RW         5231    .data               cmsis_os2.o
    0x20000080   0x08005d78   0x00000018   Data   RW         5606    .data               heap_4.o
    0x20000098   0x08005d90   0x0000000c   Data   RW         5657    .data               port.o
    0x200000a4   0x08005d9c   0x00000004   Data   RW         6020    .data               mc_w.l(stdout.o)
    0x200000a8        -       0x00000048   Zero   RW          314    .bss                fsmc.o
    0x200000f0        -       0x00000058   Zero   RW          365    .bss                spi.o
    0x20000148        -       0x00000048   Zero   RW          407    .bss                tim.o
    0x20000190        -       0x00000090   Zero   RW          450    .bss                usart.o
    0x20000220        -       0x00000048   Zero   RW          603    .bss                stm32f1xx_hal_timebase_tim.o
    0x20000268        -       0x000000c8   Zero   RW         3702    .bss                uart1.o
    0x20000330        -       0x0000000e   Zero   RW         3877    .bss                lcd.o
    0x2000033e   0x08005da0   0x00000002   PAD
    0x20000340        -       0x00000018   Zero   RW         4028    .bss                kqm.o
    0x20000358        -       0x00000040   Zero   RW         4269    .bss                queue.o
    0x20000398        -       0x000004c4   Zero   RW         4695    .bss                tasks.o
    0x2000085c        -       0x00000118   Zero   RW         5022    .bss                timers.o
    0x20000974        -       0x000006b8   Zero   RW         5230    .bss                cmsis_os2.o
    0x2000102c        -       0x00000c00   Zero   RW         5605    .bss                heap_4.o
    0x20001c2c   0x08005da0   0x00000004   PAD
    0x20001c30        -       0x00000400   Zero   RW            1    STACK               startup_stm32f103xe.o


==============================================================================

Image component sizes


      Code (inc. data)   RO Data    RW Data    ZI Data      Debug   Object Name

       474         38          0          4       1720      14530   cmsis_os2.o
         0          0          0          0          0      20016   event_groups.o
       118         38        144         12          0       5171   freertos.o
       298         34          0          8         72       2039   fsmc.o
       336         22          0          0          0       1015   gpio.o
       692         62          0         24       3072       4459   heap_4.o
       360        108          0          0         24       1481   kqm.o
      1288        102          0          0         14       8240   lcd.o
       148          0          0          0          0       3206   list.o
       272         34          0          0          0     514884   main.o
       854         78          0         12          0      10477   port.o
      1914         20          0          0         64      16184   queue.o
       204         20          0          0         88       1497   spi.o
        36          8        304          0       1024        768   startup_stm32f103xe.o
       116         24          0          9          0       5606   stm32f1xx_hal.o
       252         22          0          0          0      28462   stm32f1xx_hal_cortex.o
       510         10          0          0          0       1783   stm32f1xx_hal_dma.o
       844         40          0          0          0       2584   stm32f1xx_hal_gpio.o
        96         10          0          0          0        826   stm32f1xx_hal_msp.o
      1816        108         18          0          0       6269   stm32f1xx_hal_rcc.o
       190          0          0          0          0       1055   stm32f1xx_hal_spi.o
       102          0          0          0          0       1136   stm32f1xx_hal_sram.o
       878         44          0          0          0       5898   stm32f1xx_hal_tim.o
       160         22          0          0          0       2293   stm32f1xx_hal_tim_ex.o
       180         22          0          0         72       1355   stm32f1xx_hal_timebase_tim.o
      2054          8          0          0          0      10931   stm32f1xx_hal_uart.o
        86         24          0          0          0       4101   stm32f1xx_it.o
       254         10          0          0          0       3675   stm32f1xx_ll_fsmc.o
         0          0          0          0          0       8876   stream_buffer.o
         2          0         24          4          0       1011   system_stm32f1xx.o
      2796        346          0         60       1220      22702   tasks.o
       144         20          0          0         72       1422   tim.o
      1238        124          0         20        280      26023   timers.o
       190         42          0          6        200       2764   uart1.o
       384         36          0          0        144       2115   usart.o

    ----------------------------------------------------------------------
     19314       1476        524        164       8072     744854   Object Totals
         0          0         32          0          0          0   (incl. Generated)
        28          0          2          5          6          0   (incl. Padding)

    ----------------------------------------------------------------------

      Code (inc. data)   RO Data    RW Data    ZI Data      Debug   Library Member Name

         0          0          0          0          0          0   entry.o
         0          0          0          0          0          0   entry10a.o
         0          0          0          0          0          0   entry11a.o
         8          4          0          0          0          0   entry2.o
         4          0          0          0          0          0   entry5.o
         0          0          0          0          0          0   entry7b.o
         0          0          0          0          0          0   entry8b.o
         8          4          0          0          0          0   entry9a.o
        30          0          0          0          0          0   handlers.o
        36          8          0          0          0         68   init.o
         0          0          0          0          0          0   iusefp.o
        30          0          0          0          0         68   llshl.o
        36          0          0          0          0         68   llsshr.o
        32          0          0          0          0         68   llushr.o
        36          0          0          0          0         68   memcpya.o
        36          0          0          0          0        108   memseta.o
      2258         90          0          0          0        452   printfa.o
         0          0          0          4          0          0   stdout.o
        44          0          0          0          0         80   uidiv.o
        98          0          0          0          0         92   uldiv.o
        48          0          0          0          0         68   cdrcmple.o
        56          0          0          0          0         88   d2f.o
       334          0          0          0          0        148   dadd.o
       222          0          0          0          0        100   ddiv.o
       186          0          0          0          0        176   depilogue.o
        48          0          0          0          0         68   dfixul.o
        34          0          0          0          0         76   dflti.o
       228          0          0          0          0         96   dmul.o
        38          0          0          0          0         68   f2d.o
       110          0          0          0          0        168   fepilogue.o

    ----------------------------------------------------------------------
      3962        106          0          4          0       2128   Library Totals
         2          0          0          0          0          0   (incl. Padding)

    ----------------------------------------------------------------------

      Code (inc. data)   RO Data    RW Data    ZI Data      Debug   Library Name

      2656        106          0          4          0       1072   mc_w.l
      1304          0          0          0          0       1056   mf_w.l

    ----------------------------------------------------------------------
      3962        106          0          4          0       2128   Library Totals

    ----------------------------------------------------------------------

==============================================================================


      Code (inc. data)   RO Data    RW Data    ZI Data      Debug   

     23276       1582        524        168       8072     737098   Grand Totals
     23276       1582        524        168       8072     737098   ELF Image Totals
     23276       1582        524        168          0          0   ROM Totals

==============================================================================

    Total RO  Size (Code + RO Data)                23800 (  23.24kB)
    Total RW  Size (RW Data + ZI Data)              8240 (   8.05kB)
    Total ROM Size (Code + RO Data + RW Data)      23968 (  23.41kB)

==============================================================================

