<html>
<body>
<pre>
<h1>µVision Build Log</h1>
<h2>Tool Versions:</h2>
IDE-Version: ¦ÌVision V5.27.1.0
Copyright (C) 2019 ARM Ltd and ARM Germany GmbH. All rights reserved.
License Information: 1 1, 1, LIC=D0D7S-LCCHI-SB5EJ-USZNU-B2KW9-U5LGK
 
Tool Versions:
Toolchain:       MDK-ARM Plus  Version: 5.27.1.0
Toolchain Path:  C:\xiazai\keil_5\ARM\ARMCC\Bin
C Compiler:      Armcc.exe V5.06 update 6 (build 750)
Assembler:       Armasm.exe V5.06 update 6 (build 750)
Linker/Locator:  ArmLink.exe V5.06 update 6 (build 750)
Library Manager: ArmAr.exe V5.06 update 6 (build 750)
Hex Converter:   FromElf.exe V5.06 update 6 (build 750)
CPU DLL:         SARMCM3.DLL V5.27.1.0
Dialog DLL:      DCM.DLL V1.17.2.0
Target DLL:      STLink\ST-LINKIII-KEIL_SWO.dll V3.0.6.0
Dialog DLL:      TCM.DLL V1.36.1.0
 
<h2>Project:</h2>
C:\Demo\Demo_Hal\MDK-ARM\Demo_Hal.uvprojx
Project File Date:  10/10/2025

<h2>Output:</h2>
*** Using Compiler 'V5.06 update 6 (build 750)', folder: 'C:\xiazai\keil_5\ARM\ARMCC\Bin'
Build target 'Demo_Hal'
compiling kqm.c...
../User/key.h(12): warning:  #1-D: last line of file ends without a newline
  #endif
../User/uart1.h(14): warning:  #1-D: last line of file ends without a newline
  #endif
../User/w25q64.h(24): warning:  #1295-D: Deprecated declaration W25Q64_ReadID_0x90 - give arg types
  void W25Q64_ReadID_0x90();
../User/w25q64.h(25): warning:  #1295-D: Deprecated declaration W25Q64_ReadID_0x9F - give arg types
  void W25Q64_ReadID_0x9F();
../User/w25q64.h(36): warning:  #1-D: last line of file ends without a newline
  #endif
../User/kqm.h(23): warning:  #1-D: last line of file ends without a newline
  #endif
..\User\kqm.h(23): warning:  #1-D: last line of file ends without a newline
  #endif
..\User\kqm.c: 7 warnings, 0 errors
linking...
Program Size: Code=23276 RO-data=524 RW-data=168 ZI-data=8072  
FromELF: creating hex file...
"Demo_Hal\Demo_Hal.axf" - 0 Error(s), 7 Warning(s).

<h2>Software Packages used:</h2>

Package Vendor: ARM
                http://www.keil.com/pack/ARM.CMSIS.5.5.1.pack
                ARM.CMSIS.5.5.1
                CMSIS (Cortex Microcontroller Software Interface Standard)
   * Component: CORE Version: 5.2.0

Package Vendor: Keil
                http://www.keil.com/pack/Keil.STM32F1xx_DFP.1.0.5.pack
                Keil.STM32F1xx_DFP.1.0.5
                STMicroelectronics STM32F1 Series Device Support, Drivers and Examples

<h2>Collection of Component include folders:</h2>
  .\RTE\_Demo_Hal
  C:\xiazai\keil_5\ARM\CMSIS\5.5.1\CMSIS\Core\Include
  C:\xiazai\keil_5\Keil\STM32F1xx_DFP\1.0.5\Device\Include

<h2>Collection of Component Files used:</h2>

   * Component: ARM::CMSIS:CORE:5.2.0
Build Time Elapsed:  00:00:01
</pre>
</body>
</html>
